################################################################################
#                                                                              #
#      IAR Universal Linker V6.5.2.97                                          #
#                                                                              #
#           Link time     =  10/Aug/2022  12:30:59                             #
#           Target CPU    =  A90                                               #
#           List file     =  D:\Projects\CautoProjects\Mvsn21\Mvsn21\Debug\Lis #
#                            t\Mvsn21.map                                      #
#           Output file 1 =  D:\Projects\CautoProjects\Mvsn21\Mvsn21\Debug\Exe #
#                            \Mvsn21.hex                                       #
#                            Format: intel-standard                            #
#           Output file 2 =  D:\Projects\CautoProjects\Mvsn21\Mvsn21\Debug\Exe #
#                            \Mvsn21.d90                                       #
#                            Format: ubrof8                                    #
#                            UBROF version 8.0.2                               #
#           Command line  =  -f C:\Users\ghost\AppData\Local\Temp\EW5569.tmp   #
#                            (D:\Projects\CautoProjects\Mvsn21\Mvsn21\Debug\Ob #
#                            j\Crc.r90                                         #
#                            D:\Projects\CautoProjects\Mvsn21\Mvsn21\Debug\Obj #
#                            \main.r90                                         #
#                            D:\Projects\CautoProjects\Mvsn21\Mvsn21\Debug\Obj #
#                            \MeasurementChannel.r90                           #
#                            D:\Projects\CautoProjects\Mvsn21\Mvsn21\Debug\Obj #
#                            \Modbus.r90                                       #
#                            D:\Projects\CautoProjects\Mvsn21\Mvsn21\Debug\Obj #
#                            \ModbusRTU.r90                                    #
#                            D:\Projects\CautoProjects\Mvsn21\Mvsn21\Debug\Obj #
#                            \Mvsn21.r90                                       #
#                            D:\Projects\CautoProjects\Mvsn21\Mvsn21\Debug\Obj #
#                            \Platform.r90                                     #
#                            D:\Projects\CautoProjects\Mvsn21\Mvsn21\Debug\Obj #
#                            \SpiInterrupt.r90                                 #
#                            D:\Projects\CautoProjects\Mvsn21\Mvsn21\Debug\Obj #
#                            \Timer.r90                                        #
#                            -l                                                #
#                            D:\Projects\CautoProjects\Mvsn21\Mvsn21\Debug\Lis #
#                            t\Mvsn21.map                                      #
#                            -xms                                              #
#                            "-IC:\Program Files (x86)\IAR Systems\Embedded Wo #
#                            rkbench 8.0\avr\LIB\"                             #
#                            -f                                                #
#                            "C:\Program Files (x86)\IAR Systems\Embedded Work #
#                            bench 8.0\avr\src\template\cfgm48.xcl"            #
#                            (-D_..X_INTVEC_SIZE=34 -D_..X_FLASH_END=FFF       #
#                            -D_..X_SRAM_BASE=100 -D_..X_SRAM_TBASE=0          #
#                            -D_..X_SRAM_TSIZE=0 -D_..X_SRAM_END=2FF           #
#                            -D_..X_EXT_SRAM_BASE=_..X_SRAM_END                #
#                            -D_..X_EXT_SRAM_SIZE=0                            #
#                            -D_..X_EXT_ROM_BASE=_..X_SRAM_END                 #
#                            -D_..X_EXT_ROM_SIZE=0                             #
#                            -D_..X_EXT_NV_BASE=_..X_SRAM_END                  #
#                            -D_..X_EXT_NV_SIZE=0 -D_..X_EEPROM_START=0        #
#                            -D_..X_EEPROM_END=FF) -D_..X_HEAP_SIZE=0          #
#                            -D_..X_TINY_HEAP_SIZE=0                           #
#                            -D_..X_NEAR_HEAP_SIZE=20 -D_..X_FAR_HEAP_SIZE=0   #
#                            -D_..X_HUGE_HEAP_SIZE=0 -D_..X_CSTACK_SIZE=64     #
#                            -D_..X_RSTACK_SIZE=20                             #
#                            -D_..X_FLASH_CODE_END=_..X_FLASH_END -f           #
#                            "C:\Program Files (x86)\IAR Systems\Embedded Work #
#                            bench 8.0\avr\src\template\cfg1soim.xcl"          #
#                            (-ca90 -w29 -Z(CODE)INTVEC=0-_..X_INTVEC_SIZE     #
#                            -Z(CODE)TINY_F=_..X_FLASH_BASE-FF                 #
#                            -Z(CODE)NEAR_F=_..X_FLASH_BASE-_..X_FLASH_END     #
#                            -Z(CODE)SWITCH=_..X_FLASH_BASE-_..X_FLASH_END     #
#                            -Z(CODE)INITTAB=_..X_FLASH_BASE-_..X_FLASH_END    #
#                            -Z(CODE)DIFUNCT=_..X_FLASH_BASE-_..X_FLASH_END    #
#                            -Z(CODE)CODE=_..X_FLASH_BASE-_..X_FLASH_END       #
#                            -Z(CODE)TINY_ID=_..X_FLASH_BASE-_..X_FLASH_END    #
#                            -Z(CODE)NEAR_ID=_..X_FLASH_BASE-_..X_FLASH_END    #
#                            -Z(CODE)CHECKSUM#_..X_FLASH_END                   #
#                            -Z(DATA)TINY_I,TINY_Z,TINY_N=_..X_SRAM_TBASE:+_.. #
#                            X_SRAM_TSIZE                                      #
#                            -Z(DATA)CSTACK+_..X_CSTACK_SIZE=_..X_CSTACK_BASE- #
#                            _..X_CSTACK_END                                   #
#                            -Z(DATA)HEAP+_..X_HEAP_SIZE=_..X_SRAM_BASE-_..X_S #
#                            RAM_END                                           #
#                            -Z(DATA)IOSTREAM_N#_..X_SRAM_BASE-_..X_SRAM_END   #
#                            -Z(DATA)NEAR_HEAP+_..X_NEAR_HEAP_SIZE=_..X_SRAM_B #
#                            ASE-_..X_SRAM_END                                 #
#                            -Z(DATA)RSTACK+_..X_RSTACK_SIZE=_..X_RSTACK_BASE- #
#                            _..X_RSTACK_END                                   #
#                            -Z(DATA)NEAR_I,NEAR_Z,NEAR_N=_..X_SRAM_BASE-_..X_ #
#                            SRAM_END                                          #
#                            -Z(XDATA)EEPROM_I,EEPROM_N=_..X_EEPROM_START-_..X #
#                            _EEPROM_END)                                      #
#                            -D_..X_FLASH_BASE=_..X_INTVEC_SIZE -H1895         #
#                            -h(CODE)0-(_..X_INTVEC_SIZE-1)                    #
#                            -D_..X_CSTACK_BASE=_..X_SRAM_BASE                 #
#                            -D_..X_CSTACK_END=_..X_SRAM_END                   #
#                            -D_..X_RSTACK_BASE=_..X_SRAM_BASE                 #
#                            -D_..X_RSTACK_END=_..X_SRAM_END                   #
#                            -Oubrof8=D:\Projects\CautoProjects\Mvsn21\Mvsn21\ #
#                            Debug\Exe\Mvsn21.d90                              #
#                            -s __program_start                                #
#                            "C:\Program Files (x86)\IAR Systems\Embedded Work #
#                            bench 8.0\avr\LIB\DLIB\dlAVR-1s-ec_mul-n.r90"     #
#                            -o                                                #
#                            D:\Projects\CautoProjects\Mvsn21\Mvsn21\Debug\Exe #
#                            \Mvsn21.hex                                       #
#                            -Fintel-standard)                                 #
#                                                                              #
#                           Copyright (C) 1987-2017 IAR Systems AB.            #
################################################################################





                ****************************************
                *                                      *
                *           CROSS REFERENCE            *
                *                                      *
                ****************************************

       Program entry at : CODE      00000BC4  Relocatable, from module : ?C_STARTUP




                ****************************************
                *                                      *
                *            RUNTIME MODEL             *
                *                                      *
                ****************************************

  R10                        = REG
  R11                        = REG
  R4                         = REG
  R5                         = REG
  R6                         = REG
  R7                         = REG
  R8                         = REG
  R9                         = REG
  __64bit_doubles            = disabled
  __Heap_Handler             = Basic
  __SystemLibrary            = DLib
  __cpu                      = 1
  __cpu_name                 = ATmega48
  __dlib_file_descriptor     = 0
  __dlib_full_locale_support = 0
  __enhanced_core            = enabled
  __has_elpm                 = false
  __memory_model             = 2
  __rt_version               = 3
  __tiny_avr                 = false
  __vtable_memory            = __nearflash

                ****************************************
                *                                      *
                *    AUTOMATIC SYMBOL REDIRECTIONS     *
                *                                      *
                ****************************************

                  There are no automatic symbol redirections.



                ****************************************
                *                                      *
                *              MODULE MAP              *
                *                                      *
                ****************************************


  DEFINED ABSOLUTE ENTRIES
  PROGRAM MODULE, NAME : ?ABS_ENTRY_MOD

Absolute parts
           ENTRY                   ADDRESS         REF BY
           =====                   =======         ======
           _..X_RSTACK_END         000002FF 
           _..X_RSTACK_BASE        00000100 
           _..X_CSTACK_END         000002FF 
           _..X_CSTACK_BASE        00000100 
           _..X_FLASH_BASE         00000034 
           _..X_FLASH_CODE_END     00000FFF 
           _..X_RSTACK_SIZE        00000020 
           _..X_CSTACK_SIZE        00000064 
           _..X_HUGE_HEAP_SIZE     00000000 
           _..X_FAR_HEAP_SIZE      00000000 
           _..X_NEAR_HEAP_SIZE     00000020 
           _..X_TINY_HEAP_SIZE     00000000 
           _..X_HEAP_SIZE          00000000 
           _..X_EEPROM_END         000000FF 
           _..X_EEPROM_START       00000000 
           _..X_EXT_NV_SIZE        00000000 
           _..X_EXT_NV_BASE        000002FF 
           _..X_EXT_ROM_SIZE       00000000 
           _..X_EXT_ROM_BASE       000002FF 
           _..X_EXT_SRAM_SIZE      00000000 
           _..X_EXT_SRAM_BASE      000002FF 
           _..X_SRAM_END           000002FF 
           _..X_SRAM_TSIZE         00000000 
           _..X_SRAM_TBASE         00000000 
           _..X_SRAM_BASE          00000100 
           _..X_FLASH_END          00000FFF 
           _..X_INTVEC_SIZE        00000034 
    *************************************************************************

  FILE NAME : D:\Projects\CautoProjects\Mvsn21\Mvsn21\Debug\Obj\Crc.r90
  PROGRAM MODULE, NAME : Crc

  SEGMENTS IN THE MODULE
  ======================
CODE
  Relative segment, address: CODE 00000064 - 0000009D (0x3a bytes), align: 1
  Segment part 6.
           ENTRY                   ADDRESS         REF BY
           =====                   =======         ======
           usCrc16(unsigned char *, unsigned short)
                                   00000064        CModbusRTU::FrameCheck(uint8_t *, uint16_t) (ModbusRTU)
                                                   CModbusRTU::Tail(uint8_t *, uint16_t) (ModbusRTU)
    -------------------------------------------------------------------------
CODE
  Relative segment, address: CODE 0000009E - 000000C5 (0x28 bytes), align: 1
  Segment part 7.
           ENTRY                   ADDRESS         REF BY
           =====                   =======         ======
           usCrcSummOneByteCalculation(uint8_t *, uint16_t)
                                   0000009E        CMvsn21::ReadData(uint8_t *, uint8_t *, uint16_t) (Mvsn21)
    -------------------------------------------------------------------------
ABSOLUTE
  Relative segment, address: DATA 0000001F, align: 0
  Segment part 1. ROOT 
           ENTRY                   ADDRESS         REF BY
           =====                   =======         ======
           __?EECR                 0000001F 
    -------------------------------------------------------------------------
ABSOLUTE
  Relative segment, address: DATA 00000020, align: 0
  Segment part 2. ROOT 
           ENTRY                   ADDRESS         REF BY
           =====                   =======         ======
           __?EEDR                 00000020 
    -------------------------------------------------------------------------
ABSOLUTE
  Relative segment, address: DATA 00000021, align: 0
  Segment part 3. ROOT 
           ENTRY                   ADDRESS         REF BY
           =====                   =======         ======
           __?EEARL                00000021 

    *************************************************************************

  FILE NAME : D:\Projects\CautoProjects\Mvsn21\Mvsn21\Debug\Obj\main.r90
  PROGRAM MODULE, NAME : main

  SEGMENTS IN THE MODULE
  ======================
ABSOLUTE
  Relative segment, address: DATA 000000C6 - 000000C6 (0x1 bytes), align: 0
  Segment part 1. ROOT        Intra module refs:   main
           ENTRY                   ADDRESS         REF BY
           =====                   =======         ======
           _A_UDR0                 000000C6 
           LOCAL                   ADDRESS         
           =====                   =======         
           UDR0                    000000C6 
    -------------------------------------------------------------------------
ABSOLUTE
  Relative segment, address: DATA 000000C4 - 000000C5 (0x2 bytes), align: 0
  Segment part 2. ROOT        Intra module refs:   main
           ENTRY                   ADDRESS         REF BY
           =====                   =======         ======
           _A_UBRR0                000000C4 
           LOCAL                   ADDRESS         
           =====                   =======         
           UBRR0                   000000C4 
           UBRR0H                  000000C5 
           UBRR0L                  000000C4 
    -------------------------------------------------------------------------
ABSOLUTE
  Relative segment, address: DATA 000000C2 - 000000C2 (0x1 bytes), align: 0
  Segment part 3. ROOT        Intra module refs:   main
           ENTRY                   ADDRESS         REF BY
           =====                   =======         ======
           _A_UCSR0C               000000C2 
           LOCAL                   ADDRESS         
           =====                   =======         
           UCSR0C                  000000C2 
    -------------------------------------------------------------------------
ABSOLUTE
  Relative segment, address: DATA 000000C1 - 000000C1 (0x1 bytes), align: 0
  Segment part 4. ROOT        Intra module refs:   main
           ENTRY                   ADDRESS         REF BY
           =====                   =======         ======
           _A_UCSR0B               000000C1 
           LOCAL                   ADDRESS         
           =====                   =======         
           UCSR0B                  000000C1 
    -------------------------------------------------------------------------
ABSOLUTE
  Relative segment, address: DATA 000000C0 - 000000C0 (0x1 bytes), align: 0
  Segment part 5. ROOT        Intra module refs:   main
           ENTRY                   ADDRESS         REF BY
           =====                   =======         ======
           _A_UCSR0A               000000C0 
           LOCAL                   ADDRESS         
           =====                   =======         
           UCSR0A                  000000C0 
    -------------------------------------------------------------------------
ABSOLUTE
  Relative segment, address: DATA 000000BD - 000000BD (0x1 bytes), align: 0
  Segment part 6. ROOT 
           ENTRY                   ADDRESS         REF BY
           =====                   =======         ======
           _A_TWAMR                000000BD 
           LOCAL                   ADDRESS         
           =====                   =======         
           TWAMR                   000000BD 
    -------------------------------------------------------------------------
ABSOLUTE
  Relative segment, address: DATA 000000BC - 000000BC (0x1 bytes), align: 0
  Segment part 7. ROOT 
           ENTRY                   ADDRESS         REF BY
           =====                   =======         ======
           _A_TWCR                 000000BC 
           LOCAL                   ADDRESS         
           =====                   =======         
           TWCR                    000000BC 
    -------------------------------------------------------------------------
ABSOLUTE
  Relative segment, address: DATA 000000BB - 000000BB (0x1 bytes), align: 0
  Segment part 8. ROOT 
           ENTRY                   ADDRESS         REF BY
           =====                   =======         ======
           _A_TWDR                 000000BB 
           LOCAL                   ADDRESS         
           =====                   =======         
           TWDR                    000000BB 
    -------------------------------------------------------------------------
ABSOLUTE
  Relative segment, address: DATA 000000BA - 000000BA (0x1 bytes), align: 0
  Segment part 9. ROOT 
           ENTRY                   ADDRESS         REF BY
           =====                   =======         ======
           _A_TWAR                 000000BA 
           LOCAL                   ADDRESS         
           =====                   =======         
           TWAR                    000000BA 
    -------------------------------------------------------------------------
ABSOLUTE
  Relative segment, address: DATA 000000B9 - 000000B9 (0x1 bytes), align: 0
  Segment part 10. ROOT 
           ENTRY                   ADDRESS         REF BY
           =====                   =======         ======
           _A_TWSR                 000000B9 
           LOCAL                   ADDRESS         
           =====                   =======         
           TWSR                    000000B9 
    -------------------------------------------------------------------------
ABSOLUTE
  Relative segment, address: DATA 000000B8 - 000000B8 (0x1 bytes), align: 0
  Segment part 11. ROOT 
           ENTRY                   ADDRESS         REF BY
           =====                   =======         ======
           _A_TWBR                 000000B8 
           LOCAL                   ADDRESS         
           =====                   =======         
           TWBR                    000000B8 
    -------------------------------------------------------------------------
ABSOLUTE
  Relative segment, address: DATA 000000B6 - 000000B6 (0x1 bytes), align: 0
  Segment part 12. ROOT 
           ENTRY                   ADDRESS         REF BY
           =====                   =======         ======
           _A_ASSR                 000000B6 
           LOCAL                   ADDRESS         
           =====                   =======         
           ASSR                    000000B6 
    -------------------------------------------------------------------------
ABSOLUTE
  Relative segment, address: DATA 000000B4 - 000000B4 (0x1 bytes), align: 0
  Segment part 13. ROOT 
           ENTRY                   ADDRESS         REF BY
           =====                   =======         ======
           _A_OCR2B                000000B4 
           LOCAL                   ADDRESS         
           =====                   =======         
           OCR2B                   000000B4 
    -------------------------------------------------------------------------
ABSOLUTE
  Relative segment, address: DATA 000000B3 - 000000B3 (0x1 bytes), align: 0
  Segment part 14. ROOT       Intra module refs:   SystemTickInit() (Platform)
           ENTRY                   ADDRESS         REF BY
           =====                   =======         ======
           _A_OCR2A                000000B3 
           LOCAL                   ADDRESS         
           =====                   =======         
           OCR2A                   000000B3 
    -------------------------------------------------------------------------
ABSOLUTE
  Relative segment, address: DATA 000000B2 - 000000B2 (0x1 bytes), align: 0
  Segment part 15. ROOT 
           ENTRY                   ADDRESS         REF BY
           =====                   =======         ======
           _A_TCNT2                000000B2 
           LOCAL                   ADDRESS         
           =====                   =======         
           TCNT2                   000000B2 
    -------------------------------------------------------------------------
ABSOLUTE
  Relative segment, address: DATA 000000B1 - 000000B1 (0x1 bytes), align: 0
  Segment part 16. ROOT       Intra module refs:   SystemTickInit() (Platform)
           ENTRY                   ADDRESS         REF BY
           =====                   =======         ======
           _A_TCCR2B               000000B1 
           LOCAL                   ADDRESS         
           =====                   =======         
           TCCR2B                  000000B1 
    -------------------------------------------------------------------------
ABSOLUTE
  Relative segment, address: DATA 000000B0 - 000000B0 (0x1 bytes), align: 0
  Segment part 17. ROOT       Intra module refs:   SystemTickInit() (Platform)
           ENTRY                   ADDRESS         REF BY
           =====                   =======         ======
           _A_TCCR2A               000000B0 
           LOCAL                   ADDRESS         
           =====                   =======         
           TCCR2A                  000000B0 
    -------------------------------------------------------------------------
ABSOLUTE
  Relative segment, address: DATA 0000008A - 0000008B (0x2 bytes), align: 0
  Segment part 18. ROOT 
           ENTRY                   ADDRESS         REF BY
           =====                   =======         ======
           _A_OCR1B                0000008A 
           LOCAL                   ADDRESS         
           =====                   =======         
           OCR1B                   0000008A 
           OCR1BH                  0000008B 
           OCR1BL                  0000008A 
    -------------------------------------------------------------------------
ABSOLUTE
  Relative segment, address: DATA 00000088 - 00000089 (0x2 bytes), align: 0
  Segment part 19. ROOT 
           ENTRY                   ADDRESS         REF BY
           =====                   =======         ======
           _A_OCR1A                00000088 
           LOCAL                   ADDRESS         
           =====                   =======         
           OCR1A                   00000088 
           OCR1AH                  00000089 
           OCR1AL                  00000088 
    -------------------------------------------------------------------------
ABSOLUTE
  Relative segment, address: DATA 00000086 - 00000087 (0x2 bytes), align: 0
  Segment part 20. ROOT 
           ENTRY                   ADDRESS         REF BY
           =====                   =======         ======
           _A_ICR1                 00000086 
           LOCAL                   ADDRESS         
           =====                   =======         
           ICR1                    00000086 
           ICR1H                   00000087 
           ICR1L                   00000086 
    -------------------------------------------------------------------------
ABSOLUTE
  Relative segment, address: DATA 00000084 - 00000085 (0x2 bytes), align: 0
  Segment part 21. ROOT 
           ENTRY                   ADDRESS         REF BY
           =====                   =======         ======
           _A_TCNT1                00000084 
           LOCAL                   ADDRESS         
           =====                   =======         
           TCNT1                   00000084 
           TCNT1H                  00000085 
           TCNT1L                  00000084 
    -------------------------------------------------------------------------
ABSOLUTE
  Relative segment, address: DATA 00000082 - 00000082 (0x1 bytes), align: 0
  Segment part 22. ROOT 
           ENTRY                   ADDRESS         REF BY
           =====                   =======         ======
           _A_TCCR1C               00000082 
           LOCAL                   ADDRESS         
           =====                   =======         
           TCCR1C                  00000082 
    -------------------------------------------------------------------------
ABSOLUTE
  Relative segment, address: DATA 00000081 - 00000081 (0x1 bytes), align: 0
  Segment part 23. ROOT 
           ENTRY                   ADDRESS         REF BY
           =====                   =======         ======
           _A_TCCR1B               00000081 
           LOCAL                   ADDRESS         
           =====                   =======         
           TCCR1B                  00000081 
    -------------------------------------------------------------------------
ABSOLUTE
  Relative segment, address: DATA 00000080 - 00000080 (0x1 bytes), align: 0
  Segment part 24. ROOT 
           ENTRY                   ADDRESS         REF BY
           =====                   =======         ======
           _A_TCCR1A               00000080 
           LOCAL                   ADDRESS         
           =====                   =======         
           TCCR1A                  00000080 
    -------------------------------------------------------------------------
ABSOLUTE
  Relative segment, address: DATA 0000007F - 0000007F (0x1 bytes), align: 0
  Segment part 25. ROOT 
           ENTRY                   ADDRESS         REF BY
           =====                   =======         ======
           _A_DIDR1                0000007F 
           LOCAL                   ADDRESS         
           =====                   =======         
           DIDR1                   0000007F 
    -------------------------------------------------------------------------
ABSOLUTE
  Relative segment, address: DATA 0000007E - 0000007E (0x1 bytes), align: 0
  Segment part 26. ROOT       Intra module refs:   CAdc::Init() (Platform)
           ENTRY                   ADDRESS         REF BY
           =====                   =======         ======
           _A_DIDR0                0000007E 
           LOCAL                   ADDRESS         
           =====                   =======         
           DIDR0                   0000007E 
    -------------------------------------------------------------------------
ABSOLUTE
  Relative segment, address: DATA 0000007C - 0000007C (0x1 bytes), align: 0
  Segment part 27. ROOT       Intra module refs:   CAdc::ChannelSelect(uint8_t) (Platform)
                                                   CAdc::Init() (Platform)
           ENTRY                   ADDRESS         REF BY
           =====                   =======         ======
           _A_ADMUX                0000007C 
           LOCAL                   ADDRESS         
           =====                   =======         
           ADMUX                   0000007C 
    -------------------------------------------------------------------------
ABSOLUTE
  Relative segment, address: DATA 0000007B - 0000007B (0x1 bytes), align: 0
  Segment part 28. ROOT       Intra module refs:   CAdc::Init() (Platform)
           ENTRY                   ADDRESS         REF BY
           =====                   =======         ======
           _A_ADCSRB               0000007B 
           LOCAL                   ADDRESS         
           =====                   =======         
           ADCSRB                  0000007B 
    -------------------------------------------------------------------------
ABSOLUTE
  Relative segment, address: DATA 0000007A - 0000007A (0x1 bytes), align: 0
  Segment part 29. ROOT       Intra module refs:   ?Subroutine15 (Platform)
                                                   ?Subroutine2 (Platform)
                                                   CAdc::Disable() (Platform)
                                                   CAdc::Enable() (Platform)
                                                   CAdc::Init() (Platform)
                                                   CAdc::Start() (Platform)
                                                   CAdc::Stop() (Platform)
                                                   CMvsn21::MeasureFsm() (Mvsn21)
           ENTRY                   ADDRESS         REF BY
           =====                   =======         ======
           _A_ADCSRA               0000007A 
           LOCAL                   ADDRESS         
           =====                   =======         
           ADCSRA                  0000007A 
    -------------------------------------------------------------------------
ABSOLUTE
  Relative segment, address: DATA 00000078 - 00000079 (0x2 bytes), align: 0
  Segment part 30. ROOT       Intra module refs:   CAdc::GetMeasureValue() (Platform)
           ENTRY                   ADDRESS         REF BY
           =====                   =======         ======
           _A_ADC                  00000078 
           LOCAL                   ADDRESS         
           =====                   =======         
           ADC                     00000078 
           ADCH                    00000079 
           ADCL                    00000078 
    -------------------------------------------------------------------------
ABSOLUTE
  Relative segment, address: DATA 00000070 - 00000070 (0x1 bytes), align: 0
  Segment part 31. ROOT       Intra module refs:   SystemTickInit() (Platform)
           ENTRY                   ADDRESS         REF BY
           =====                   =======         ======
           _A_TIMSK2               00000070 
           LOCAL                   ADDRESS         
           =====                   =======         
           TIMSK2                  00000070 
    -------------------------------------------------------------------------
ABSOLUTE
  Relative segment, address: DATA 0000006F - 0000006F (0x1 bytes), align: 0
  Segment part 32. ROOT 
           ENTRY                   ADDRESS         REF BY
           =====                   =======         ======
           _A_TIMSK1               0000006F 
           LOCAL                   ADDRESS         
           =====                   =======         
           TIMSK1                  0000006F 
    -------------------------------------------------------------------------
ABSOLUTE
  Relative segment, address: DATA 0000006E - 0000006E (0x1 bytes), align: 0
  Segment part 33. ROOT 
           ENTRY                   ADDRESS         REF BY
           =====                   =======         ======
           _A_TIMSK0               0000006E 
           LOCAL                   ADDRESS         
           =====                   =======         
           TIMSK0                  0000006E 
    -------------------------------------------------------------------------
ABSOLUTE
  Relative segment, address: DATA 0000006D - 0000006D (0x1 bytes), align: 0
  Segment part 34. ROOT 
           ENTRY                   ADDRESS         REF BY
           =====                   =======         ======
           _A_PCMSK2               0000006D 
           LOCAL                   ADDRESS         
           =====                   =======         
           PCMSK2                  0000006D 
    -------------------------------------------------------------------------
ABSOLUTE
  Relative segment, address: DATA 0000006C - 0000006C (0x1 bytes), align: 0
  Segment part 35. ROOT 
           ENTRY                   ADDRESS         REF BY
           =====                   =======         ======
           _A_PCMSK1               0000006C 
           LOCAL                   ADDRESS         
           =====                   =======         
           PCMSK1                  0000006C 
    -------------------------------------------------------------------------
ABSOLUTE
  Relative segment, address: DATA 0000006B - 0000006B (0x1 bytes), align: 0
  Segment part 36. ROOT 
           ENTRY                   ADDRESS         REF BY
           =====                   =======         ======
           _A_PCMSK0               0000006B 
           LOCAL                   ADDRESS         
           =====                   =======         
           PCMSK0                  0000006B 
    -------------------------------------------------------------------------
ABSOLUTE
  Relative segment, address: DATA 00000069 - 00000069 (0x1 bytes), align: 0
  Segment part 37. ROOT       Intra module refs:   ?Subroutine13 (Platform)
                                                   ?Subroutine14 (Platform)
                                                   ?Subroutine16 (Platform)
                                                   CPlatform::Int0InterruptEnable() (Platform)
                                                   SIG_INT0() (Platform)
           ENTRY                   ADDRESS         REF BY
           =====                   =======         ======
           _A_EICRA                00000069 
           LOCAL                   ADDRESS         
           =====                   =======         
           EICRA                   00000069 
    -------------------------------------------------------------------------
ABSOLUTE
  Relative segment, address: DATA 00000068 - 00000068 (0x1 bytes), align: 0
  Segment part 38. ROOT 
           ENTRY                   ADDRESS         REF BY
           =====                   =======         ======
           _A_PCICR                00000068 
           LOCAL                   ADDRESS         
           =====                   =======         
           PCICR                   00000068 
    -------------------------------------------------------------------------
ABSOLUTE
  Relative segment, address: DATA 00000066 - 00000066 (0x1 bytes), align: 0
  Segment part 39. ROOT 
           ENTRY                   ADDRESS         REF BY
           =====                   =======         ======
           _A_OSCCAL               00000066 
           LOCAL                   ADDRESS         
           =====                   =======         
           OSCCAL                  00000066 
    -------------------------------------------------------------------------
ABSOLUTE
  Relative segment, address: DATA 00000064 - 00000064 (0x1 bytes), align: 0
  Segment part 40. ROOT       Intra module refs:   CAdc::Disable() (Platform)
                                                   CAdc::Enable() (Platform)
           ENTRY                   ADDRESS         REF BY
           =====                   =======         ======
           _A_PRR                  00000064 
           LOCAL                   ADDRESS         
           =====                   =======         
           PRR                     00000064 
    -------------------------------------------------------------------------
ABSOLUTE
  Relative segment, address: DATA 00000061 - 00000061 (0x1 bytes), align: 0
  Segment part 41. ROOT 
           ENTRY                   ADDRESS         REF BY
           =====                   =======         ======
           _A_CLKPR                00000061 
           LOCAL                   ADDRESS         
           =====                   =======         
           CLKPR                   00000061 
    -------------------------------------------------------------------------
ABSOLUTE
  Relative segment, address: DATA 00000060 - 00000060 (0x1 bytes), align: 0
  Segment part 42. ROOT       Intra module refs:   main
           ENTRY                   ADDRESS         REF BY
           =====                   =======         ======
           _A_WDTCSR               00000060 
           LOCAL                   ADDRESS         
           =====                   =======         
           WDTCSR                  00000060 
    -------------------------------------------------------------------------
ABSOLUTE
  Relative segment, address: DATA 0000005F - 0000005F (0x1 bytes), align: 0
  Segment part 43. ROOT 
           ENTRY                   ADDRESS         REF BY
           =====                   =======         ======
           _A_SREG                 0000005F 
           LOCAL                   ADDRESS         
           =====                   =======         
           SREG                    0000005F 
    -------------------------------------------------------------------------
ABSOLUTE
  Relative segment, address: DATA 0000005D - 0000005E (0x2 bytes), align: 0
  Segment part 44. ROOT 
           ENTRY                   ADDRESS         REF BY
           =====                   =======         ======
           _A_SP                   0000005D 
           LOCAL                   ADDRESS         
           =====                   =======         
           SP                      0000005D 
           SPH                     0000005E 
           SPL                     0000005D 
    -------------------------------------------------------------------------
ABSOLUTE
  Relative segment, address: DATA 00000057 - 00000057 (0x1 bytes), align: 0
  Segment part 45. ROOT 
           ENTRY                   ADDRESS         REF BY
           =====                   =======         ======
           _A_SPMCSR               00000057 
           LOCAL                   ADDRESS         
           =====                   =======         
           SPMCSR                  00000057 
    -------------------------------------------------------------------------
ABSOLUTE
  Relative segment, address: DATA 00000055 - 00000055 (0x1 bytes), align: 0
  Segment part 46. ROOT 
           ENTRY                   ADDRESS         REF BY
           =====                   =======         ======
           _A_MCUCR                00000055 
           LOCAL                   ADDRESS         
           =====                   =======         
           MCUCR                   00000055 
    -------------------------------------------------------------------------
ABSOLUTE
  Relative segment, address: DATA 00000054 - 00000054 (0x1 bytes), align: 0
  Segment part 47. ROOT 
           ENTRY                   ADDRESS         REF BY
           =====                   =======         ======
           _A_MCUSR                00000054 
           LOCAL                   ADDRESS         
           =====                   =======         
           MCUSR                   00000054 
    -------------------------------------------------------------------------
ABSOLUTE
  Relative segment, address: DATA 00000053 - 00000053 (0x1 bytes), align: 0
  Segment part 48. ROOT 
           ENTRY                   ADDRESS         REF BY
           =====                   =======         ======
           _A_SMCR                 00000053 
           LOCAL                   ADDRESS         
           =====                   =======         
           SMCR                    00000053 
    -------------------------------------------------------------------------
ABSOLUTE
  Relative segment, address: DATA 00000050 - 00000050 (0x1 bytes), align: 0
  Segment part 49. ROOT 
           ENTRY                   ADDRESS         REF BY
           =====                   =======         ======
           _A_ACSR                 00000050 
           LOCAL                   ADDRESS         
           =====                   =======         
           ACSR                    00000050 
    -------------------------------------------------------------------------
ABSOLUTE
  Relative segment, address: DATA 0000004E - 0000004E (0x1 bytes), align: 0
  Segment part 50. ROOT       Intra module refs:   CSpi::Enable() (Platform)
                                                   SIG_SPI_STC() (SpiInterrupt)
           ENTRY                   ADDRESS         REF BY
           =====                   =======         ======
           _A_SPDR                 0000004E 
           LOCAL                   ADDRESS         
           =====                   =======         
           SPDR                    0000004E 
    -------------------------------------------------------------------------
ABSOLUTE
  Relative segment, address: DATA 0000004D - 0000004D (0x1 bytes), align: 0
  Segment part 51. ROOT 
           ENTRY                   ADDRESS         REF BY
           =====                   =======         ======
           _A_SPSR                 0000004D 
           LOCAL                   ADDRESS         
           =====                   =======         
           SPSR                    0000004D 
    -------------------------------------------------------------------------
ABSOLUTE
  Relative segment, address: DATA 0000004C - 0000004C (0x1 bytes), align: 0
  Segment part 52. ROOT       Intra module refs:   CSpi::Disable() (Platform)
                                                   CSpi::Enable() (Platform)
                                                   CSpi::Init(uint8_t *, uint8_t *) (Platform)
           ENTRY                   ADDRESS         REF BY
           =====                   =======         ======
           _A_SPCR                 0000004C 
           LOCAL                   ADDRESS         
           =====                   =======         
           SPCR                    0000004C 
    -------------------------------------------------------------------------
ABSOLUTE
  Relative segment, address: DATA 0000004B - 0000004B (0x1 bytes), align: 0
  Segment part 53. ROOT 
           ENTRY                   ADDRESS         REF BY
           =====                   =======         ======
           _A_GPIOR2               0000004B 
           LOCAL                   ADDRESS         
           =====                   =======         
           GPIOR2                  0000004B 
    -------------------------------------------------------------------------
ABSOLUTE
  Relative segment, address: DATA 0000004A - 0000004A (0x1 bytes), align: 0
  Segment part 54. ROOT 
           ENTRY                   ADDRESS         REF BY
           =====                   =======         ======
           _A_GPIOR1               0000004A 
           LOCAL                   ADDRESS         
           =====                   =======         
           GPIOR1                  0000004A 
    -------------------------------------------------------------------------
ABSOLUTE
  Relative segment, address: DATA 00000048 - 00000048 (0x1 bytes), align: 0
  Segment part 55. ROOT 
           ENTRY                   ADDRESS         REF BY
           =====                   =======         ======
           _A_OCR0B                00000048 
           LOCAL                   ADDRESS         
           =====                   =======         
           OCR0B                   00000048 
    -------------------------------------------------------------------------
ABSOLUTE
  Relative segment, address: DATA 00000047 - 00000047 (0x1 bytes), align: 0
  Segment part 56. ROOT 
           ENTRY                   ADDRESS         REF BY
           =====                   =======         ======
           _A_OCR0A                00000047 
           LOCAL                   ADDRESS         
           =====                   =======         
           OCR0A                   00000047 
    -------------------------------------------------------------------------
ABSOLUTE
  Relative segment, address: DATA 00000046 - 00000046 (0x1 bytes), align: 0
  Segment part 57. ROOT 
           ENTRY                   ADDRESS         REF BY
           =====                   =======         ======
           _A_TCNT0                00000046 
           LOCAL                   ADDRESS         
           =====                   =======         
           TCNT0                   00000046 
    -------------------------------------------------------------------------
ABSOLUTE
  Relative segment, address: DATA 00000045 - 00000045 (0x1 bytes), align: 0
  Segment part 58. ROOT 
           ENTRY                   ADDRESS         REF BY
           =====                   =======         ======
           _A_TCCR0B               00000045 
           LOCAL                   ADDRESS         
           =====                   =======         
           TCCR0B                  00000045 
    -------------------------------------------------------------------------
ABSOLUTE
  Relative segment, address: DATA 00000044 - 00000044 (0x1 bytes), align: 0
  Segment part 59. ROOT 
           ENTRY                   ADDRESS         REF BY
           =====                   =======         ======
           _A_TCCR0A               00000044 
           LOCAL                   ADDRESS         
           =====                   =======         
           TCCR0A                  00000044 
    -------------------------------------------------------------------------
ABSOLUTE
  Relative segment, address: DATA 00000043 - 00000043 (0x1 bytes), align: 0
  Segment part 60. ROOT 
           ENTRY                   ADDRESS         REF BY
           =====                   =======         ======
           _A_GTCCR                00000043 
           LOCAL                   ADDRESS         
           =====                   =======         
           GTCCR                   00000043 
    -------------------------------------------------------------------------
ABSOLUTE
  Relative segment, address: DATA 00000041 - 00000042 (0x2 bytes), align: 0
  Segment part 61. ROOT 
           ENTRY                   ADDRESS         REF BY
           =====                   =======         ======
           _A_EEAR                 00000041 
           LOCAL                   ADDRESS         
           =====                   =======         
           EEAR                    00000041 
           EEARH                   00000042 
           EEARL                   00000041 
    -------------------------------------------------------------------------
ABSOLUTE
  Relative segment, address: DATA 00000040 - 00000040 (0x1 bytes), align: 0
  Segment part 62. ROOT 
           ENTRY                   ADDRESS         REF BY
           =====                   =======         ======
           _A_EEDR                 00000040 
           LOCAL                   ADDRESS         
           =====                   =======         
           EEDR                    00000040 
    -------------------------------------------------------------------------
ABSOLUTE
  Relative segment, address: DATA 0000003F - 0000003F (0x1 bytes), align: 0
  Segment part 63. ROOT 
           ENTRY                   ADDRESS         REF BY
           =====                   =======         ======
           _A_EECR                 0000003F 
           LOCAL                   ADDRESS         
           =====                   =======         
           EECR                    0000003F 
    -------------------------------------------------------------------------
ABSOLUTE
  Relative segment, address: DATA 0000003E - 0000003E (0x1 bytes), align: 0
  Segment part 64. ROOT 
           ENTRY                   ADDRESS         REF BY
           =====                   =======         ======
           _A_GPIOR0               0000003E 
           LOCAL                   ADDRESS         
           =====                   =======         
           GPIOR0                  0000003E 
    -------------------------------------------------------------------------
ABSOLUTE
  Relative segment, address: DATA 0000003D - 0000003D (0x1 bytes), align: 0
  Segment part 65. ROOT       Intra module refs:   CPlatform::Int0InterruptEnable() (Platform)
           ENTRY                   ADDRESS         REF BY
           =====                   =======         ======
           _A_EIMSK                0000003D 
           LOCAL                   ADDRESS         
           =====                   =======         
           EIMSK                   0000003D 
    -------------------------------------------------------------------------
ABSOLUTE
  Relative segment, address: DATA 0000003C - 0000003C (0x1 bytes), align: 0
  Segment part 66. ROOT 
           ENTRY                   ADDRESS         REF BY
           =====                   =======         ======
           _A_EIFR                 0000003C 
           LOCAL                   ADDRESS         
           =====                   =======         
           EIFR                    0000003C 
    -------------------------------------------------------------------------
ABSOLUTE
  Relative segment, address: DATA 0000003B - 0000003B (0x1 bytes), align: 0
  Segment part 67. ROOT 
           ENTRY                   ADDRESS         REF BY
           =====                   =======         ======
           _A_PCIFR                0000003B 
           LOCAL                   ADDRESS         
           =====                   =======         
           PCIFR                   0000003B 
    -------------------------------------------------------------------------
ABSOLUTE
  Relative segment, address: DATA 00000037 - 00000037 (0x1 bytes), align: 0
  Segment part 68. ROOT 
           ENTRY                   ADDRESS         REF BY
           =====                   =======         ======
           _A_TIFR2                00000037 
           LOCAL                   ADDRESS         
           =====                   =======         
           TIFR2                   00000037 
    -------------------------------------------------------------------------
ABSOLUTE
  Relative segment, address: DATA 00000036 - 00000036 (0x1 bytes), align: 0
  Segment part 69. ROOT 
           ENTRY                   ADDRESS         REF BY
           =====                   =======         ======
           _A_TIFR1                00000036 
           LOCAL                   ADDRESS         
           =====                   =======         
           TIFR1                   00000036 
    -------------------------------------------------------------------------
ABSOLUTE
  Relative segment, address: DATA 00000035 - 00000035 (0x1 bytes), align: 0
  Segment part 70. ROOT 
           ENTRY                   ADDRESS         REF BY
           =====                   =======         ======
           _A_TIFR0                00000035 
           LOCAL                   ADDRESS         
           =====                   =======         
           TIFR0                   00000035 
    -------------------------------------------------------------------------
ABSOLUTE
  Relative segment, address: DATA 0000002B - 0000002B (0x1 bytes), align: 0
  Segment part 71. ROOT       Intra module refs:   SIG_INT0() (Platform)
           ENTRY                   ADDRESS         REF BY
           =====                   =======         ======
           _A_PORTD                0000002B 
           LOCAL                   ADDRESS         
           =====                   =======         
           PORTD                   0000002B 
    -------------------------------------------------------------------------
ABSOLUTE
  Relative segment, address: DATA 0000002A - 0000002A (0x1 bytes), align: 0
  Segment part 72. ROOT       Intra module refs:   CPlatform::Init() (Platform)
           ENTRY                   ADDRESS         REF BY
           =====                   =======         ======
           _A_DDRD                 0000002A 
           LOCAL                   ADDRESS         
           =====                   =======         
           DDRD                    0000002A 
    -------------------------------------------------------------------------
ABSOLUTE
  Relative segment, address: DATA 00000029 - 00000029 (0x1 bytes), align: 0
  Segment part 73. ROOT       Intra module refs:   SIG_INT0() (Platform)
           ENTRY                   ADDRESS         REF BY
           =====                   =======         ======
           _A_PIND                 00000029 
           LOCAL                   ADDRESS         
           =====                   =======         
           PIND                    00000029 
    -------------------------------------------------------------------------
ABSOLUTE
  Relative segment, address: DATA 00000028 - 00000028 (0x1 bytes), align: 0
  Segment part 74. ROOT 
           ENTRY                   ADDRESS         REF BY
           =====                   =======         ======
           _A_PORTC                00000028 
           LOCAL                   ADDRESS         
           =====                   =======         
           PORTC                   00000028 
    -------------------------------------------------------------------------
ABSOLUTE
  Relative segment, address: DATA 00000027 - 00000027 (0x1 bytes), align: 0
  Segment part 75. ROOT 
           ENTRY                   ADDRESS         REF BY
           =====                   =======         ======
           _A_DDRC                 00000027 
           LOCAL                   ADDRESS         
           =====                   =======         
           DDRC                    00000027 
    -------------------------------------------------------------------------
ABSOLUTE
  Relative segment, address: DATA 00000026 - 00000026 (0x1 bytes), align: 0
  Segment part 76. ROOT 
           ENTRY                   ADDRESS         REF BY
           =====                   =======         ======
           _A_PINC                 00000026 
           LOCAL                   ADDRESS         
           =====                   =======         
           PINC                    00000026 
    -------------------------------------------------------------------------
ABSOLUTE
  Relative segment, address: DATA 00000025 - 00000025 (0x1 bytes), align: 0
  Segment part 77. ROOT       Intra module refs:   CSpi::Disable() (Platform)
                                                   CSpi::Enable() (Platform)
           ENTRY                   ADDRESS         REF BY
           =====                   =======         ======
           _A_PORTB                00000025 
           LOCAL                   ADDRESS         
           =====                   =======         
           PORTB                   00000025 
    -------------------------------------------------------------------------
ABSOLUTE
  Relative segment, address: DATA 00000024 - 00000024 (0x1 bytes), align: 0
  Segment part 78. ROOT       Intra module refs:   CSpi::Init(uint8_t *, uint8_t *) (Platform)
           ENTRY                   ADDRESS         REF BY
           =====                   =======         ======
           _A_DDRB                 00000024 
           LOCAL                   ADDRESS         
           =====                   =======         
           DDRB                    00000024 
    -------------------------------------------------------------------------
ABSOLUTE
  Relative segment, address: DATA 00000023 - 00000023 (0x1 bytes), align: 0
  Segment part 79. ROOT 
           ENTRY                   ADDRESS         REF BY
           =====                   =======         ======
           _A_PINB                 00000023 
           LOCAL                   ADDRESS         
           =====                   =======         
           PINB                    00000023 
    -------------------------------------------------------------------------
CODE
  Relative segment, address: CODE 000000C6 - 00000183 (0xbe bytes), align: 1
  Segment part 86.
           ENTRY                   ADDRESS         REF BY
           =====                   =======         ======
           main                    000000C6        ?cstartup_call_main (?C_STARTUP)
               calls direct
    -------------------------------------------------------------------------
CODE
  Relative segment, address: CODE 00000184 - 0000018D (0xa bytes), align: 1
  Segment part 87.            Intra module refs:   main
           LOCAL                   ADDRESS         
           =====                   =======         
           ?Subroutine1            00000184 
    -------------------------------------------------------------------------
CODE
  Relative segment, address: CODE 0000018E - 00000193 (0x6 bytes), align: 1
  Segment part 88.            Intra module refs:   main
           LOCAL                   ADDRESS         
           =====                   =======         
           ?Subroutine0            0000018E 
    -------------------------------------------------------------------------
NEAR_F
  Relative segment, address: CODE 00000034 - 00000035 (0x2 bytes), align: 0
  Segment part 85. ROOT 
           LOCAL                   ADDRESS         
           =====                   =======         
           CTask::__vtbl           00000034 

    *************************************************************************

  FILE NAME : D:\Projects\CautoProjects\Mvsn21\Mvsn21\Debug\Obj\MeasurementChannel.r90
  PROGRAM MODULE, NAME : MeasurementChannel

  SEGMENTS IN THE MODULE
  ======================
CODE
  Relative segment, address: CODE 00000194 - 000001BD (0x2a bytes), align: 1
  Segment part 85.
           ENTRY                   ADDRESS         REF BY
           =====                   =======         ======
           CMeasurementChannel::StateCheck(uint16_t)
                                   00000194        CMvsn21::MeasureFsm() (Mvsn21)

    *************************************************************************

  FILE NAME : D:\Projects\CautoProjects\Mvsn21\Mvsn21\Debug\Obj\Modbus.r90
  PROGRAM MODULE, NAME : Modbus

  SEGMENTS IN THE MODULE
  ======================
NEAR_Z
  Relative segment, address: DATA 000001B4 - 000001B4 (0x1 bytes), align: 0
  Segment part 86. ROOT       Intra module refs:   CModbus::SlaveSet(uint8_t)
           ENTRY                   ADDRESS         REF BY
           =====                   =======         ======
           CModbus::m_uiOwnAddress
                                   000001B4 
    -------------------------------------------------------------------------
NEAR_Z
  Relative segment, address: DATA 000001B5 - 000001BF (0xb bytes), align: 0
  Segment part 88. ROOT       Intra module refs:   CModbus::ReadDiscreteInputsReceive(uint8_t *, uint16_t)
                                                   CModbus::ReadDiscreteInputsRequest(uint8_t, uint16_t, uint16_t)
                                                   CModbus::ReceiveMessage(uint8_t *, uint16_t)
           ENTRY                   ADDRESS         REF BY
           =====                   =======         ======
           CModbus::m_puiDiscreteInputs
                                   000001BB        CModbusRTU::Init(CUart *, uint32_t, char, uint8_t, uint8_t, uint8_t *, uint8_t *, uint8_t *, uint8_t *, uint16_t *, uint16_t *, uint16_t, uint16_t, uint16_t, uint16_t) (ModbusRTU)
           CModbus::m_puiTxBuffer
                                   000001B9        CModbusRTU::Execution() (ModbusRTU)
                                                   CModbusRTU::Init(CUart *, uint32_t, char, uint8_t, uint8_t, uint8_t *, uint8_t *, uint8_t *, uint8_t *, uint16_t *, uint16_t *, uint16_t, uint16_t, uint16_t, uint16_t) (ModbusRTU)
           CModbus::m_uiFlowControl
                                   000001BF        CModbusRTU::Execution() (ModbusRTU)
                                                   main (main)
           CModbus::m_uiFunctionCode
                                   000001BE 
           CModbus::m_uiMessageLength
                                   000001B7        ?Subroutine5 (ModbusRTU)
                                                   CModbusRTU::Execution() (ModbusRTU)
           CModbus::m_uiQuantity   000001B5 
           CModbus::m_uiSlaveAddress
                                   000001BD        CModbusRTU::Init(CUart *, uint32_t, char, uint8_t, uint8_t, uint8_t *, uint8_t *, uint8_t *, uint8_t *, uint16_t *, uint16_t *, uint16_t, uint16_t, uint16_t, uint16_t) (ModbusRTU)
                                                   CMvsn21::SpiFsm() (Mvsn21)
    -------------------------------------------------------------------------
NEAR_Z
  Relative segment, address: DATA 000001C0 - 000001C1 (0x2 bytes), align: 0
  Segment part 89. ROOT 
           ENTRY                   ADDRESS         REF BY
           =====                   =======         ======
           CModbus::m_uiLastSystemTime
                                   000001C0        ?Subroutine6 (ModbusRTU)
                                                   ?Subroutine7 (ModbusRTU)
    -------------------------------------------------------------------------
NEAR_Z
  Relative segment, address: DATA 000001C2 - 000001C3 (0x2 bytes), align: 0
  Segment part 90. ROOT 
           ENTRY                   ADDRESS         REF BY
           =====                   =======         ======
           CModbus::m_puiRxBuffer
                                   000001C2        ?Subroutine2 (ModbusRTU)
                                                   CModbusRTU::Execution() (ModbusRTU)
                                                   CModbusRTU::Init(CUart *, uint32_t, char, uint8_t, uint8_t, uint8_t *, uint8_t *, uint8_t *, uint8_t *, uint16_t *, uint16_t *, uint16_t, uint16_t, uint16_t, uint16_t) (ModbusRTU)
    -------------------------------------------------------------------------
NEAR_Z
  Relative segment, address: DATA 000001C4 - 000001C5 (0x2 bytes), align: 0
  Segment part 91. ROOT 
           ENTRY                   ADDRESS         REF BY
           =====                   =======         ======
           CModbus::m_uiDiscreteInputsNumber
                                   000001C4        CModbusRTU::Init(CUart *, uint32_t, char, uint8_t, uint8_t, uint8_t *, uint8_t *, uint8_t *, uint8_t *, uint16_t *, uint16_t *, uint16_t, uint16_t, uint16_t, uint16_t) (ModbusRTU)
    -------------------------------------------------------------------------
CODE
  Relative segment, address: CODE 000001BE - 000001C3 (0x6 bytes), align: 1
  Segment part 92.
           ENTRY                   ADDRESS         REF BY
           =====                   =======         ======
           CModbus::SlaveSet(uint8_t)
                                   000001BE        main (main)
    -------------------------------------------------------------------------
CODE
  Relative segment, address: CODE 000001C4 - 000001D3 (0x10 bytes), align: 1
  Segment part 94.
           ENTRY                   ADDRESS         REF BY
           =====                   =======         ======
           CModbus::SendMessage(uint8_t *, uint16_t)
                                   000001C4        CModbusRTU::Execution() (ModbusRTU)
               calls direct
    -------------------------------------------------------------------------
CODE
  Relative segment, address: CODE 000001D4 - 00000233 (0x60 bytes), align: 1
  Segment part 96.            Intra module refs:   CModbus::ReadDiscreteInputsReceive(uint8_t *, uint16_t)
           ENTRY                   ADDRESS         REF BY
           =====                   =======         ======
           CModbus::SetBytesFromBits(uint8_t *, int, uint16_t, uint8_t const *)
                                   000001D4 
               calls direct
    -------------------------------------------------------------------------
CODE
  Relative segment, address: CODE 00000234 - 00000275 (0x42 bytes), align: 1
  Segment part 97.
           ENTRY                   ADDRESS         REF BY
           =====                   =======         ======
           CModbus::ReadDiscreteInputsRequest(uint8_t, uint16_t, uint16_t)
                                   00000234        CMvsn21::SpiFsm() (Mvsn21)
               calls direct
    -------------------------------------------------------------------------
CODE
  Relative segment, address: CODE 00000276 - 00000295 (0x20 bytes), align: 1
  Segment part 98.            Intra module refs:   CModbus::ReceiveMessage(uint8_t *, uint16_t)
           ENTRY                   ADDRESS         REF BY
           =====                   =======         ======
           CModbus::ReadDiscreteInputsReceive(uint8_t *, uint16_t)
                                   00000276 
               calls direct
    -------------------------------------------------------------------------
CODE
  Relative segment, address: CODE 00000296 - 0000029B (0x6 bytes), align: 1
  Segment part 99.            Intra module refs:   CModbus::ReadDiscreteInputsReceive(uint8_t *, uint16_t)
                                                   CModbus::ReceiveMessage(uint8_t *, uint16_t)
                                                   CModbus::SetBytesFromBits(uint8_t *, int, uint16_t, uint8_t const *)
           LOCAL                   ADDRESS         
           =====                   =======         
           ?Subroutine0            00000296 
    -------------------------------------------------------------------------
CODE
  Relative segment, address: CODE 0000029C - 000002DB (0x40 bytes), align: 1
  Segment part 100.
           ENTRY                   ADDRESS         REF BY
           =====                   =======         ======
           CModbus::ReceiveMessage(uint8_t *, uint16_t)
                                   0000029C        CModbusRTU::Execution() (ModbusRTU)
               calls direct
    -------------------------------------------------------------------------
INITTAB
  Relative segment, address: CODE 00000058 - 0000005D (0x6 bytes), align: 0
  Segment part 87.            Intra module refs:   CAdc::m_fbMeasureIsComlete (Platform)
                                                   CModbus::m_puiRxBuffer
                                                   CModbus::m_uiDiscreteInputsNumber
                                                   CModbus::m_uiLastSystemTime
                                                   CModbus::m_uiOwnAddress
                                                   CModbusRTU::m_pxDevice (ModbusRTU)
                                                   CMvsn21::m_aucRtuDiscreteInputsArray (Mvsn21)
                                                   CMvsn21::m_aui8ReceiveMessageBuff (Mvsn21)
                                                   CMvsn21::m_aui8TransmitMessageBuff (Mvsn21)
                                                   CMvsn21::m_uiType (Mvsn21)
                                                   CPlatform::m_uiSystemTick (Platform)
                                                   CSpi::m_auiSpiRxBuffer (Platform)
                                                   CSpi::m_auiSpiTxBuffer (Platform)
                                                   CUart::m_rs485ddpin (Platform)
                                                   CUart::m_rs485ddr (Platform)
                                                   CUart::m_rs485pin (Platform)
                                                   CUart::m_rs485port (Platform)
                                                   Segment part 100 (Platform)
                                                   Segment part 88
                                                   Segment part 88 (ModbusRTU)
                                                   Segment part 88 (Mvsn21)
                                                   Segment part 89 (Mvsn21)
                                                   Segment part 94 (Platform)
                                                   Segment part 99 (Platform)
                                                   __near_Aldata (?xxmemxmalloc)
           ENTRY                   ADDRESS         REF BY
           =====                   =======         ======
           ?<Segment init: NEAR_Z>
                                   00000058 
    -------------------------------------------------------------------------
NEAR_F
  Relative segment, address: CODE 00000036 - 00000037 (0x2 bytes), align: 0
  Segment part 85. ROOT 
           LOCAL                   ADDRESS         
           =====                   =======         
           CTask::__vtbl           00000036 

    *************************************************************************

  FILE NAME : D:\Projects\CautoProjects\Mvsn21\Mvsn21\Debug\Obj\ModbusRTU.r90
  PROGRAM MODULE, NAME : ModbusRTU

  SEGMENTS IN THE MODULE
  ======================
NEAR_Z
  Relative segment, address: DATA 000001C6 - 000001C7 (0x2 bytes), align: 0
  Segment part 86. ROOT 
           ENTRY                   ADDRESS         REF BY
           =====                   =======         ======
           CModbusRTU::m_pxDevice
                                   000001C6 
    -------------------------------------------------------------------------
NEAR_Z
  Relative segment, address: DATA 000001C8 - 000001CE (0x7 bytes), align: 0
  Segment part 88. ROOT       Intra module refs:   CModbusRTU::Init(CUart *, uint32_t, char, uint8_t, uint8_t, uint8_t *, uint8_t *, uint8_t *, uint8_t *, uint16_t *, uint16_t *, uint16_t, uint16_t, uint16_t, uint16_t)
           ENTRY                   ADDRESS         REF BY
           =====                   =======         ======
           CModbusRTU::m_cParity   000001CE 
           CModbusRTU::m_uiBaudRate
                                   000001C8 
           CModbusRTU::m_uiDataBit
                                   000001CC 
           CModbusRTU::m_uiStopBit
                                   000001CD 
    -------------------------------------------------------------------------
CODE
  Relative segment, address: CODE 000002DC - 00000341 (0x66 bytes), align: 1
  Segment part 89.
           ENTRY                   ADDRESS         REF BY
           =====                   =======         ======
           CModbusRTU::Init(CUart *, uint32_t, char, uint8_t, uint8_t, uint8_t *, uint8_t *, uint8_t *, uint8_t *, uint16_t *, uint16_t *, uint16_t, uint16_t, uint16_t, uint16_t)
                                   000002DC        main (main)
               calls direct
    -------------------------------------------------------------------------
CODE
  Relative segment, address: CODE 00000342 - 0000035D (0x1c bytes), align: 1
  Segment part 95.
           ENTRY                   ADDRESS         REF BY
           =====                   =======         ======
           CModbusRTU::Tail(uint8_t *, uint16_t)
                                   00000342        CModbus::SendMessage(uint8_t *, uint16_t) (Modbus)
               calls direct
    -------------------------------------------------------------------------
CODE
  Relative segment, address: CODE 0000035E - 00000361 (0x4 bytes), align: 1
  Segment part 96.            Intra module refs:   CModbusRTU::Execution()
                                                   CModbusRTU::Tail(uint8_t *, uint16_t)
           LOCAL                   ADDRESS         
           =====                   =======         
           ?Subroutine8            0000035E 
    -------------------------------------------------------------------------
CODE
  Relative segment, address: CODE 00000362 - 00000375 (0x14 bytes), align: 1
  Segment part 97.
           ENTRY                   ADDRESS         REF BY
           =====                   =======         ======
           CModbusRTU::RequestBasis(uint8_t, uint8_t, uint16_t, uint16_t, uint8_t *)
                                   00000362        CModbus::ReadDiscreteInputsRequest(uint8_t, uint16_t, uint16_t) (Modbus)
    -------------------------------------------------------------------------
CODE
  Relative segment, address: CODE 00000376 - 00000377 (0x2 bytes), align: 1
  Segment part 98.
           ENTRY                   ADDRESS         REF BY
           =====                   =======         ======
           CModbusRTU::Send(uint8_t *, uint16_t)
                                   00000376        CModbus::SendMessage(uint8_t *, uint16_t) (Modbus)
               calls direct
    -------------------------------------------------------------------------
CODE
  Relative segment, address: CODE 00000378 - 00000379 (0x2 bytes), align: 1
  Segment part 101.           Intra module refs:   ?Subroutine4
           ENTRY                   ADDRESS         REF BY
           =====                   =======         ======
           CModbusRTU::Receive(uint8_t *, uint16_t)
                                   00000378 
               calls direct
    -------------------------------------------------------------------------
CODE
  Relative segment, address: CODE 0000037A - 00000391 (0x18 bytes), align: 1
  Segment part 102.           Intra module refs:   ?Subroutine3
           ENTRY                   ADDRESS         REF BY
           =====                   =======         ======
           CModbusRTU::TimeIsOver(uint16_t)
                                   0000037A 
    -------------------------------------------------------------------------
CODE
  Relative segment, address: CODE 00000392 - 0000039B (0xa bytes), align: 1
  Segment part 105.           Intra module refs:   ?Subroutine1
           LOCAL                   ADDRESS         
           =====                   =======         
           ?Subroutine7            00000392 
    -------------------------------------------------------------------------
CODE
  Relative segment, address: CODE 0000039C - 000003A1 (0x6 bytes), align: 1
  Segment part 106.           Intra module refs:   CModbusRTU::Execution()
           LOCAL                   ADDRESS         
           =====                   =======         
           ?Subroutine2            0000039C 
    -------------------------------------------------------------------------
CODE
  Relative segment, address: CODE 000003A2 - 000003A7 (0x6 bytes), align: 1
  Segment part 107.           Intra module refs:   ?Subroutine2
                                                   CModbusRTU::Execution()
                                                   CModbusRTU::Init(CUart *, uint32_t, char, uint8_t, uint8_t, uint8_t *, uint8_t *, uint8_t *, uint8_t *, uint16_t *, uint16_t *, uint16_t, uint16_t, uint16_t, uint16_t)
    -------------------------------------------------------------------------
CODE
  Relative segment, address: CODE 000003A8 - 000003D3 (0x2c bytes), align: 1
  Segment part 108.           Intra module refs:   CModbusRTU::Execution()
           ENTRY                   ADDRESS         REF BY
           =====                   =======         ======
           CModbusRTU::FrameCheck(uint8_t *, uint16_t)
                                   000003A8 
               calls direct
    -------------------------------------------------------------------------
CODE
  Relative segment, address: CODE 000003D4 - 0000049B (0xc8 bytes), align: 1
  Segment part 109.           Intra module refs:   Segment part 116
           ENTRY                   ADDRESS         REF BY
           =====                   =======         ======
           CModbusRTU::Execution()
                                   000003D4        main (main)
               calls direct
    -------------------------------------------------------------------------
CODE
  Relative segment, address: CODE 0000049C - 000004A5 (0xa bytes), align: 1
  Segment part 110.           Intra module refs:   ?Subroutine0
                                                   ?Subroutine2
                                                   CModbusRTU::Execution()
           LOCAL                   ADDRESS         
           =====                   =======         
           ?Subroutine5            0000049C 
    -------------------------------------------------------------------------
CODE
  Relative segment, address: CODE 000004A6 - 000004B3 (0xe bytes), align: 1
  Segment part 111.           Intra module refs:   CModbusRTU::Execution()
           LOCAL                   ADDRESS         
           =====                   =======         
           ?Subroutine4            000004A6 
    -------------------------------------------------------------------------
CODE
  Relative segment, address: CODE 000004B4 - 000004BB (0x8 bytes), align: 1
  Segment part 112.           Intra module refs:   CModbusRTU::Execution()
           LOCAL                   ADDRESS         
           =====                   =======         
           ?Subroutine3            000004B4 
    -------------------------------------------------------------------------
CODE
  Relative segment, address: CODE 000004BC - 000004C7 (0xc bytes), align: 1
  Segment part 113.           Intra module refs:   CModbusRTU::Execution()
           LOCAL                   ADDRESS         
           =====                   =======         
           ?Subroutine1            000004BC 
    -------------------------------------------------------------------------
CODE
  Relative segment, address: CODE 000004C8 - 000004D9 (0x12 bytes), align: 1
  Segment part 114.           Intra module refs:   CModbusRTU::Execution()
           LOCAL                   ADDRESS         
           =====                   =======         
           ?Subroutine0            000004C8 
    -------------------------------------------------------------------------
CODE
  Relative segment, address: CODE 000004DA - 000004E7 (0xe bytes), align: 1
  Segment part 115.           Intra module refs:   ?Subroutine0
                                                   CModbusRTU::TimeIsOver(uint16_t)
           LOCAL                   ADDRESS         
           =====                   =======         
           ?Subroutine6            000004DA 
    -------------------------------------------------------------------------
SWITCH
  Relative segment, address: CODE 00000042 - 00000057 (0x16 bytes), align: 1
  Segment part 116.           Intra module refs:   CModbusRTU::Execution()
    -------------------------------------------------------------------------
NEAR_F
  Relative segment, address: CODE 00000038 - 00000039 (0x2 bytes), align: 0
  Segment part 85. ROOT 
           LOCAL                   ADDRESS         
           =====                   =======         
           CTask::__vtbl           00000038 

    *************************************************************************

  FILE NAME : D:\Projects\CautoProjects\Mvsn21\Mvsn21\Debug\Obj\Mvsn21.r90
  PROGRAM MODULE, NAME : Mvsn21

  SEGMENTS IN THE MODULE
  ======================
NEAR_Z
  Relative segment, address: DATA 000001CF - 000001CF (0x1 bytes), align: 0
  Segment part 86. ROOT 
           ENTRY                   ADDRESS         REF BY
           =====                   =======         ======
[...]
  Segment part 0.
           ENTRY                   ADDRESS         REF BY
           =====                   =======         ======
           ?L_SHL_L03              00000C50        CUart::Init(uint32_t, uint8_t, uint8_t, uint8_t, uint8_t *, uint8_t *) (Platform)

    -------------------------------------------------------------------------
  LIBRARY MODULE, NAME : ?UL_DIVMOD_L03

  SEGMENTS IN THE MODULE
  ======================
CODE
  Relative segment, address: CODE 00000C56 - 00000C5D (0x8 bytes), align: 1
  Segment part 1.
           ENTRY                   ADDRESS         REF BY
           =====                   =======         ======
           ?UL_DIVMOD_L03          00000C56        CUart::Init(uint32_t, uint8_t, uint8_t, uint8_t, uint8_t *, uint8_t *) (Platform)
    -------------------------------------------------------------------------
CODE
  Relative segment, address: CODE 00000C5E - 00000C93 (0x36 bytes), align: 1
  Segment part 3.             Intra module refs:   ?UL_DIVMOD_L03

    -------------------------------------------------------------------------
  LIBRARY MODULE, NAME : ?xV_SWITCH_L06

  SEGMENTS IN THE MODULE
  ======================
CODE
  Relative segment, address: CODE 00000C94 - 00000C9F (0xc bytes), align: 1
  Segment part 2.             Intra module refs:   ?CV_SWITCH_L06
           LOCAL                   ADDRESS         
           =====                   =======         
           GET_INFO_C              00000C94 
    -------------------------------------------------------------------------
CODE
  Relative segment, address: CODE 00000CA0 - 00000CA7 (0x8 bytes), align: 1
  Segment part 3.
           ENTRY                   ADDRESS         REF BY
           =====                   =======         ======
           ?CV_SWITCH_L06          00000CA0        CModbusRTU::Execution() (ModbusRTU)
    -------------------------------------------------------------------------
CODE
  Relative segment, address: CODE 00000CA8 - 00000CAD (0x6 bytes), align: 1
  Segment part 5.             Intra module refs:   ?CV_SWITCH_L06
           LOCAL                   ADDRESS         
           =====                   =======         
           P_0_S                   00000CA8 
    -------------------------------------------------------------------------
CODE
  Relative segment, address: CODE 00000CAE - 00000D19 (0x6c bytes), align: 1
  Segment part 7.             Intra module refs:   P_0_S
           LOCAL                   ADDRESS         
           =====                   =======         
           CHECK_LOW_LIMIT         00000CAE 

    -------------------------------------------------------------------------
  LIBRARY MODULE, NAME : ?PROLOGUE_L09

  SEGMENTS IN THE MODULE
  ======================
CODE
  Relative segment, address: CODE 00000D1A - 00000D1B (0x2 bytes), align: 1
  Segment part 10.
           ENTRY                   ADDRESS         REF BY
           =====                   =======         ======
           ?PROLOGUE6_L09          00000D1A        CModbus::SetBytesFromBits(uint8_t *, int, uint16_t, uint8_t const *) (Modbus)
                                                   CMvsn21::ReadData(uint8_t *, uint8_t *, uint16_t) (Mvsn21)
    -------------------------------------------------------------------------
CODE
  Relative segment, address: CODE 00000D1C - 00000D1D (0x2 bytes), align: 1
  Segment part 11.            Intra module refs:   ?PROLOGUE6_L09
           ENTRY                   ADDRESS         REF BY
           =====                   =======         ======
           ?PROLOGUE5_L09          00000D1C        CUart::Init(uint32_t, uint8_t, uint8_t, uint8_t, uint8_t *, uint8_t *) (Platform)
    -------------------------------------------------------------------------
CODE
  Relative segment, address: CODE 00000D1E - 00000D1F (0x2 bytes), align: 1
  Segment part 12.            Intra module refs:   ?PROLOGUE5_L09
           ENTRY                   ADDRESS         REF BY
           =====                   =======         ======
           ?PROLOGUE4_L09          00000D1E        ?Subroutine0 (Platform)
                                                   ?Subroutine3 (Platform)
                                                   CModbus::ReadDiscreteInputsRequest(uint8_t, uint16_t, uint16_t) (Modbus)
                                                   CModbusRTU::Execution() (ModbusRTU)
                                                   CModbusRTU::Init(CUart *, uint32_t, char, uint8_t, uint8_t, uint8_t *, uint8_t *, uint8_t *, uint8_t *, uint16_t *, uint16_t *, uint16_t, uint16_t, uint16_t, uint16_t) (ModbusRTU)
                                                   CModbusRTU::Tail(uint8_t *, uint16_t) (ModbusRTU)
                                                   CMvsn21::MeasureFsm() (Mvsn21)
                                                   CMvsn21::SpiFsm() (Mvsn21)
                                                   CUart::ReceiveDisable() (Platform)
                                                   free (?xxmemxfree)
    -------------------------------------------------------------------------
CODE
  Relative segment, address: CODE 00000D20 - 00000D21 (0x2 bytes), align: 1
  Segment part 13.            Intra module refs:   ?PROLOGUE4_L09
           ENTRY                   ADDRESS         REF BY
           =====                   =======         ======
           ?PROLOGUE3_L09          00000D20 
    -------------------------------------------------------------------------
CODE
  Relative segment, address: CODE 00000D22 - 00000D23 (0x2 bytes), align: 1
  Segment part 14.            Intra module refs:   ?PROLOGUE3_L09
           ENTRY                   ADDRESS         REF BY
           =====                   =======         ======
           ?PROLOGUE2_L09          00000D22        CModbus::SendMessage(uint8_t *, uint16_t) (Modbus)
                                                   CModbusRTU::FrameCheck(uint8_t *, uint16_t) (ModbusRTU)
                                                   CSpi::Exchange() (Platform)
                                                   usCrc16(unsigned char *, unsigned short) (Crc)
    -------------------------------------------------------------------------
CODE
  Relative segment, address: CODE 00000D24 - 00000D25 (0x2 bytes), align: 1
  Segment part 15.            Intra module refs:   ?PROLOGUE2_L09
           ENTRY                   ADDRESS         REF BY
           =====                   =======         ======
           ?PROLOGUE1_L09          00000D24 
    -------------------------------------------------------------------------
CODE
  Relative segment, address: CODE 00000D26 - 00000D27 (0x2 bytes), align: 1
  Segment part 16.            Intra module refs:   ?PROLOGUE1_L09

    -------------------------------------------------------------------------
  LIBRARY MODULE, NAME : ?EPILOGUE_B_L09

  SEGMENTS IN THE MODULE
  ======================
CODE
  Relative segment, address: CODE 00000D28 - 00000D29 (0x2 bytes), align: 1
  Segment part 10.
           ENTRY                   ADDRESS         REF BY
           =====                   =======         ======
           ?EPILOGUE_B6_L09        00000D28        CModbus::SetBytesFromBits(uint8_t *, int, uint16_t, uint8_t const *) (Modbus)
                                                   CMvsn21::ReadData(uint8_t *, uint8_t *, uint16_t) (Mvsn21)
    -------------------------------------------------------------------------
CODE
  Relative segment, address: CODE 00000D2A - 00000D2B (0x2 bytes), align: 1
  Segment part 11.            Intra module refs:   ?EPILOGUE_B6_L09
           ENTRY                   ADDRESS         REF BY
           =====                   =======         ======
           ?EPILOGUE_B5_L09        00000D2A        CUart::Init(uint32_t, uint8_t, uint8_t, uint8_t, uint8_t *, uint8_t *) (Platform)
    -------------------------------------------------------------------------
CODE
  Relative segment, address: CODE 00000D2C - 00000D2D (0x2 bytes), align: 1
  Segment part 12.            Intra module refs:   ?EPILOGUE_B5_L09
           ENTRY                   ADDRESS         REF BY
           =====                   =======         ======
           ?EPILOGUE_B4_L09        00000D2C        ?Subroutine1 (Mvsn21)
                                                   ?Subroutine8 (ModbusRTU)
                                                   CModbus::ReadDiscreteInputsRequest(uint8_t, uint16_t, uint16_t) (Modbus)
                                                   CModbusRTU::Init(CUart *, uint32_t, char, uint8_t, uint8_t, uint8_t *, uint8_t *, uint8_t *, uint8_t *, uint16_t *, uint16_t *, uint16_t, uint16_t, uint16_t, uint16_t) (ModbusRTU)
                                                   CUart::UartBind(uint8_t volatile *, uint8_t volatile *, uint8_t volatile *, uint8_t volatile *, uint8_t volatile *, uint8_t volatile *, uint8_t volatile *, uint8_t, uint8_t volatile *, uint8_t) (Platform)
                                                   Segment part 132 (Platform)
                                                   free (?xxmemxfree)
    -------------------------------------------------------------------------
CODE
  Relative segment, address: CODE 00000D2E - 00000D2F (0x2 bytes), align: 1
  Segment part 13.            Intra module refs:   ?EPILOGUE_B4_L09
           ENTRY                   ADDRESS         REF BY
           =====                   =======         ======
           ?EPILOGUE_B3_L09        00000D2E 
    -------------------------------------------------------------------------
CODE
  Relative segment, address: CODE 00000D30 - 00000D31 (0x2 bytes), align: 1
  Segment part 14.            Intra module refs:   ?EPILOGUE_B3_L09
           ENTRY                   ADDRESS         REF BY
           =====                   =======         ======
           ?EPILOGUE_B2_L09        00000D30        ?Subroutine24 (Platform)
                                                   CModbus::SendMessage(uint8_t *, uint16_t) (Modbus)
                                                   CModbusRTU::FrameCheck(uint8_t *, uint16_t) (ModbusRTU)
                                                   usCrc16(unsigned char *, unsigned short) (Crc)
    -------------------------------------------------------------------------
CODE
  Relative segment, address: CODE 00000D32 - 00000D33 (0x2 bytes), align: 1
  Segment part 15.            Intra module refs:   ?EPILOGUE_B2_L09
           ENTRY                   ADDRESS         REF BY
           =====                   =======         ======
           ?EPILOGUE_B1_L09        00000D32 
    -------------------------------------------------------------------------
CODE
  Relative segment, address: CODE 00000D34 - 00000D3D (0xa bytes), align: 1
  Segment part 16.            Intra module refs:   ?EPILOGUE_B1_L09
           ENTRY                   ADDRESS         REF BY
           =====                   =======         ======
           ?EPILOGUE_B0_L09        00000D34 

    -------------------------------------------------------------------------
  LIBRARY MODULE, NAME : ?REGISTER_CGREGR4_L10

  SEGMENTS IN THE MODULE
  ======================
CODE
  Relative segment, address: CODE 00000D3E, align: 1
  Segment part 0.
           ENTRY                   ADDRESS         REF BY
           =====                   =======         ======
           ?Register_R4_is_cg_reg
                                   00000D3E        CModbus::SetBytesFromBits(uint8_t *, int, uint16_t, uint8_t const *) (Modbus)
                                                   CMvsn21::ReadData(uint8_t *, uint8_t *, uint16_t) (Mvsn21)
                                                   CUart::Init(uint32_t, uint8_t, uint8_t, uint8_t, uint8_t *, uint8_t *) (Platform)

    -------------------------------------------------------------------------
  LIBRARY MODULE, NAME : ?REGISTER_CGREGR5_L10

  SEGMENTS IN THE MODULE
  ======================
CODE
  Relative segment, address: CODE 00000D3E, align: 1
  Segment part 0.
           ENTRY                   ADDRESS         REF BY
           =====                   =======         ======
           ?Register_R5_is_cg_reg
                                   00000D3E        CModbus::SetBytesFromBits(uint8_t *, int, uint16_t, uint8_t const *) (Modbus)
                                                   CMvsn21::ReadData(uint8_t *, uint8_t *, uint16_t) (Mvsn21)

    -------------------------------------------------------------------------
  LIBRARY MODULE, NAME : ?low_level_init

  SEGMENTS IN THE MODULE
  ======================
CODE
  Relative segment, address: CODE 00000D3E - 00000D41 (0x4 bytes), align: 1
  Segment part 3.
           ENTRY                   ADDRESS         REF BY
           =====                   =======         ======
           __low_level_init        00000D3E        ?call_low_level_init (?C_STARTUP)

    -------------------------------------------------------------------------
  LIBRARY MODULE, NAME : ?memset

  SEGMENTS IN THE MODULE
  ======================
CODE
  Relative segment, address: CODE 00000D42 - 00000D53 (0x12 bytes), align: 1
  Segment part 3.
           ENTRY                   ADDRESS         REF BY
           =====                   =======         ======
           memset                  00000D42        main (main)

    -------------------------------------------------------------------------
  LIBRARY MODULE, NAME : ?segment_init

  SEGMENTS IN THE MODULE
  ======================
CODE
  Relative segment, address: CODE 00000D54 - 00000D5F (0xc bytes), align: 1
  Segment part 3.             Intra module refs:   __segment_init
           LOCAL                   ADDRESS         
           =====                   =======         
           __memclr                00000D54 
    -------------------------------------------------------------------------
CODE
  Relative segment, address: CODE 00000D60 - 00000D6B (0xc bytes), align: 1
  Segment part 4.             Intra module refs:   __segment_init
           LOCAL                   ADDRESS         
           =====                   =======         
           __flashcpy              00000D60 
    -------------------------------------------------------------------------
CODE
  Relative segment, address: CODE 00000D6C - 00000D9F (0x34 bytes), align: 1
  Segment part 5.
           ENTRY                   ADDRESS         REF BY
           =====                   =======         ======
           __segment_init          00000D6C        ?need_segment_init (?C_STARTUP)
               calls direct

    -------------------------------------------------------------------------
  LIBRARY MODULE, NAME : ?__exit

  SEGMENTS IN THE MODULE
  ======================
CODE
  Relative segment, address: CODE 00000DA0 - 00000DA1 (0x2 bytes), align: 1
  Segment part 3.
           ENTRY                   ADDRESS         REF BY
           =====                   =======         ======
           __exit                  00000DA0        Segment part 5 (?_exit)

    -------------------------------------------------------------------------
  LIBRARY MODULE, NAME : ?xxmemxfree

  SEGMENTS IN THE MODULE
  ======================
CODE
  Relative segment, address: CODE 00000DA2 - 00000E77 (0xd6 bytes), align: 1
  Segment part 3.
           ENTRY                   ADDRESS         REF BY
           =====                   =======         ======
           free                    00000DA2        operator delete(void *) (?delop_0)
    -------------------------------------------------------------------------
CODE
  Relative segment, address: CODE 00000E78 - 00000E81 (0xa bytes), align: 1
  Segment part 4.             Intra module refs:   free

    -------------------------------------------------------------------------
  LIBRARY MODULE, NAME : ?xxmemxmalloc

  SEGMENTS IN THE MODULE
  ======================
NEAR_Z
  Relative segment, address: DATA 000002B4 - 000002B7 (0x4 bytes), align: 0
  Segment part 3.
           ENTRY                   ADDRESS         REF BY
           =====                   =======         ======
           __near_Aldata           000002B4        free (?xxmemxfree)

    *************************************************************************

  DEFINED ABSOLUTE ENTRIES
  PROGRAM MODULE, NAME : ?FILLER_BYTES

  SEGMENTS IN THE MODULE
  ======================
INTVEC
  Common segment, address: CODE 00000000 - 00000029 (0x2a bytes), align: 0
  Segment part 1.
    -------------------------------------------------------------------------
?FILL1
  Relative segment, address: CODE 0000002A - 00000033 (0xa bytes), align: 0
  Segment part 0.




                ****************************************
                *                                      *
                *      SEGMENTS IN ADDRESS ORDER       *
                *                                      *
                ****************************************


SEGMENT              SPACE    START ADDRESS   END ADDRESS     SIZE  TYPE  ALIGN
=======              =====    =============   ===========     ====  ====  =====
INTVEC               CODE          00000000 - 00000029          2A   com    1
?FILL1               CODE          0000002A - 00000033           A   rel    0
NEAR_F               CODE          00000034 - 00000041           E   rel    0
SWITCH               CODE          00000042 - 00000057          16   rel    1
INITTAB              CODE          00000058 - 00000063           C   rel    0
CODE                 CODE          00000064 - 00000E81         E1E   rel    1
NEAR_ID              CODE          00000E82 - 00000EB1          30   rel    0
ABSOLUTE             DATA               0000001F                     rel    0
                     DATA               00000020                   
                     DATA               00000021                   
                     DATA          00000023 - 0000002B           9 
                     DATA          00000035 - 00000037           3 
                     DATA          0000003B - 00000048           E 
                     DATA          0000004A - 0000004E           5 
                     DATA          00000050 - 00000050           1 
                     DATA          00000053 - 00000055           3 
                     DATA          00000057 - 00000057           1 
                     DATA          0000005D - 00000061           5 
                     DATA          00000064 - 00000064           1 
                     DATA          00000066 - 00000066           1 
                     DATA          00000068 - 00000069           2 
                     DATA          0000006B - 00000070           6 
                     DATA          00000078 - 0000007C           5 
                     DATA          0000007E - 00000082           5 
                     DATA          00000084 - 0000008B           8 
                     DATA          000000B0 - 000000B4           5 
                     DATA          000000B6 - 000000B6           1 
                     DATA          000000B8 - 000000BD           6 
                     DATA          000000C0 - 000000C2           3 
                     DATA          000000C4 - 000000C6           3 
CSTACK               DATA          00000100 - 00000163          64   dse    0
RSTACK               DATA          00000164 - 00000183          20   dse    0
NEAR_I               DATA          00000184 - 000001B3          30   rel    0
NEAR_Z               DATA          000001B4 - 000002B7         104   rel    0

                ****************************************
                *                                      *
                *        END OF CROSS REFERENCE        *
                *                                      *
                ****************************************

 3 752 bytes of CODE memory (+             10 range fill )
   440 bytes of DATA memory (+ 87 absolute )

Errors: none
Warnings: none

