Warning[w52]: More than one definition for the byte at address 0x24 in common segment INTVEC. It is defined in module "SpiInterrupt" as well as in module "Platform"
################################################################################
#                                                                              #
#      IAR Universal Linker V6.5.2.97                                          #
#                                                                              #
#           Link time     =  03/May/2022  21:41:19                             #
#           Target CPU    =  A90                                               #
#           List file     =  D:\Projects\CautoProjects\Mvsn21\Mvsn21\Debug\Lis #
#                            t\Mvsn21.map                                      #
#           Output file 1 =  D:\Projects\CautoProjects\Mvsn21\Mvsn21\Debug\Exe #
#                            \Mvsn21.hex                                       #
#                            Format: intel-standard                            #
#           Output file 2 =  D:\Projects\CautoProjects\Mvsn21\Mvsn21\Debug\Exe #
#                            \Mvsn21.d90                                       #
#                            Format: ubrof8                                    #
#                            UBROF version 8.0.2                               #
#           Command line  =  -f C:\Users\ghost\AppData\Local\Temp\EWD86A.tmp   #
#                            (D:\Projects\CautoProjects\Mvsn21\Mvsn21\Debug\Ob #
#                            j\Crc.r90                                         #
#                            D:\Projects\CautoProjects\Mvsn21\Mvsn21\Debug\Obj #
#                            \DataBase.r90                                     #
#                            D:\Projects\CautoProjects\Mvsn21\Mvsn21\Debug\Obj #
#                            \Device.r90                                       #
#                            D:\Projects\CautoProjects\Mvsn21\Mvsn21\Debug\Obj #
#                            \Driver.r90                                       #
#                            D:\Projects\CautoProjects\Mvsn21\Mvsn21\Debug\Obj #
#                            \main.r90                                         #
#                            D:\Projects\CautoProjects\Mvsn21\Mvsn21\Debug\Obj #
#                            \MeasurementChannel.r90                           #
#                            D:\Projects\CautoProjects\Mvsn21\Mvsn21\Debug\Obj #
#                            \Mvsn21.r90                                       #
#                            D:\Projects\CautoProjects\Mvsn21\Mvsn21\Debug\Obj #
#                            \Platform.r90                                     #
#                            D:\Projects\CautoProjects\Mvsn21\Mvsn21\Debug\Obj #
#                            \SpiInt.r90                                       #
#                            D:\Projects\CautoProjects\Mvsn21\Mvsn21\Debug\Obj #
#                            \Timer.r90                                        #
#                            -l                                                #
#                            D:\Projects\CautoProjects\Mvsn21\Mvsn21\Debug\Lis #
#                            t\Mvsn21.map                                      #
#                            -xms                                              #
#                            "-IC:\Program Files (x86)\IAR Systems\Embedded Wo #
#                            rkbench 8.0\avr\LIB\"                             #
#                            -f                                                #
#                            "C:\Program Files (x86)\IAR Systems\Embedded Work #
#                            bench 8.0\avr\src\template\cfgm48.xcl"            #
#                            (-D_..X_INTVEC_SIZE=34 -D_..X_FLASH_END=FFF       #
#                            -D_..X_SRAM_BASE=100 -D_..X_SRAM_TBASE=0          #
#                            -D_..X_SRAM_TSIZE=0 -D_..X_SRAM_END=2FF           #
#                            -D_..X_EXT_SRAM_BASE=_..X_SRAM_END                #
#                            -D_..X_EXT_SRAM_SIZE=0                            #
#                            -D_..X_EXT_ROM_BASE=_..X_SRAM_END                 #
#                            -D_..X_EXT_ROM_SIZE=0                             #
#                            -D_..X_EXT_NV_BASE=_..X_SRAM_END                  #
#                            -D_..X_EXT_NV_SIZE=0 -D_..X_EEPROM_START=0        #
#                            -D_..X_EEPROM_END=FF) -D_..X_HEAP_SIZE=0          #
#                            -D_..X_TINY_HEAP_SIZE=0                           #
#                            -D_..X_NEAR_HEAP_SIZE=20 -D_..X_FAR_HEAP_SIZE=0   #
#                            -D_..X_HUGE_HEAP_SIZE=0 -D_..X_CSTACK_SIZE=64     #
#                            -D_..X_RSTACK_SIZE=20                             #
#                            -D_..X_FLASH_CODE_END=_..X_FLASH_END -f           #
#                            "C:\Program Files (x86)\IAR Systems\Embedded Work #
#                            bench 8.0\avr\src\template\cfg1soim.xcl"          #
#                            (-ca90 -w29 -Z(CODE)INTVEC=0-_..X_INTVEC_SIZE     #
#                            -Z(CODE)TINY_F=_..X_FLASH_BASE-FF                 #
#                            -Z(CODE)NEAR_F=_..X_FLASH_BASE-_..X_FLASH_END     #
#                            -Z(CODE)SWITCH=_..X_FLASH_BASE-_..X_FLASH_END     #
#                            -Z(CODE)INITTAB=_..X_FLASH_BASE-_..X_FLASH_END    #
#                            -Z(CODE)DIFUNCT=_..X_FLASH_BASE-_..X_FLASH_END    #
#                            -Z(CODE)CODE=_..X_FLASH_BASE-_..X_FLASH_END       #
#                            -Z(CODE)TINY_ID=_..X_FLASH_BASE-_..X_FLASH_END    #
#                            -Z(CODE)NEAR_ID=_..X_FLASH_BASE-_..X_FLASH_END    #
#                            -Z(CODE)CHECKSUM#_..X_FLASH_END                   #
#                            -Z(DATA)TINY_I,TINY_Z,TINY_N=_..X_SRAM_TBASE:+_.. #
#                            X_SRAM_TSIZE                                      #
#                            -Z(DATA)CSTACK+_..X_CSTACK_SIZE=_..X_CSTACK_BASE- #
#                            _..X_CSTACK_END                                   #
#                            -Z(DATA)HEAP+_..X_HEAP_SIZE=_..X_SRAM_BASE-_..X_S #
#                            RAM_END                                           #
#                            -Z(DATA)IOSTREAM_N#_..X_SRAM_BASE-_..X_SRAM_END   #
#                            -Z(DATA)NEAR_HEAP+_..X_NEAR_HEAP_SIZE=_..X_SRAM_B #
#                            ASE-_..X_SRAM_END                                 #
#                            -Z(DATA)RSTACK+_..X_RSTACK_SIZE=_..X_RSTACK_BASE- #
#                            _..X_RSTACK_END                                   #
#                            -Z(DATA)NEAR_I,NEAR_Z,NEAR_N=_..X_SRAM_BASE-_..X_ #
#                            SRAM_END                                          #
#                            -Z(XDATA)EEPROM_I,EEPROM_N=_..X_EEPROM_START-_..X #
#                            _EEPROM_END)                                      #
#                            -D_..X_FLASH_BASE=_..X_INTVEC_SIZE -H1895         #
#                            -h(CODE)0-(_..X_INTVEC_SIZE-1)                    #
#                            -D_..X_CSTACK_BASE=_..X_SRAM_BASE                 #
#                            -D_..X_CSTACK_END=_..X_SRAM_END                   #
#                            -D_..X_RSTACK_BASE=_..X_SRAM_BASE                 #
#                            -D_..X_RSTACK_END=_..X_SRAM_END                   #
#                            -Oubrof8=D:\Projects\CautoProjects\Mvsn21\Mvsn21\ #
#                            Debug\Exe\Mvsn21.d90                              #
#                            -s __program_start                                #
#                            "C:\Program Files (x86)\IAR Systems\Embedded Work #
#                            bench 8.0\avr\LIB\DLIB\dlAVR-1s-ec_mul-n.r90"     #
#                            -o                                                #
#                            D:\Projects\CautoProjects\Mvsn21\Mvsn21\Debug\Exe #
#                            \Mvsn21.hex                                       #
#                            -Fintel-standard)                                 #
#                                                                              #
#                           Copyright (C) 1987-2017 IAR Systems AB.            #
################################################################################





                ****************************************
                *                                      *
                *           CROSS REFERENCE            *
                *                                      *
                ****************************************

       Program entry at : CODE      00000AF4  Relocatable, from module : ?C_STARTUP




                ****************************************
                *                                      *
                *            RUNTIME MODEL             *
                *                                      *
                ****************************************

  R10                        = REG
  R11                        = REG
  R12                        = REG
  R13                        = REG
  R14                        = REG
  R15                        = REG
  R4                         = REG
  R5                         = REG
  R6                         = REG
  R7                         = REG
  R8                         = REG
  R9                         = REG
  __64bit_doubles            = disabled
  __Heap_Handler             = Basic
  __SystemLibrary            = DLib
  __cpu                      = 1
  __cpu_name                 = ATmega48
  __dlib_file_descriptor     = 0
  __dlib_full_locale_support = 0
  __enhanced_core            = enabled
  __has_elpm                 = false
  __memory_model             = 2
  __rt_version               = 3
  __tiny_avr                 = false
  __vtable_memory            = __nearflash

                ****************************************
                *                                      *
                *    AUTOMATIC SYMBOL REDIRECTIONS     *
                *                                      *
                ****************************************

                  There are no automatic symbol redirections.



                ****************************************
                *                                      *
                *              MODULE MAP              *
                *                                      *
                ****************************************


  DEFINED ABSOLUTE ENTRIES
  PROGRAM MODULE, NAME : ?ABS_ENTRY_MOD

Absolute parts
           ENTRY                   ADDRESS         REF BY
           =====                   =======         ======
           _..X_RSTACK_END         000002FF 
           _..X_RSTACK_BASE        00000100 
           _..X_CSTACK_END         000002FF 
           _..X_CSTACK_BASE        00000100 
           _..X_FLASH_BASE         00000034 
           _..X_FLASH_CODE_END     00000FFF 
           _..X_RSTACK_SIZE        00000020 
           _..X_CSTACK_SIZE        00000064 
           _..X_HUGE_HEAP_SIZE     00000000 
           _..X_FAR_HEAP_SIZE      00000000 
           _..X_NEAR_HEAP_SIZE     00000020 
           _..X_TINY_HEAP_SIZE     00000000 
           _..X_HEAP_SIZE          00000000 
           _..X_EEPROM_END         000000FF 
           _..X_EEPROM_START       00000000 
           _..X_EXT_NV_SIZE        00000000 
           _..X_EXT_NV_BASE        000002FF 
           _..X_EXT_ROM_SIZE       00000000 
           _..X_EXT_ROM_BASE       000002FF 
           _..X_EXT_SRAM_SIZE      00000000 
           _..X_EXT_SRAM_BASE      000002FF 
           _..X_SRAM_END           000002FF 
           _..X_SRAM_TSIZE         00000000 
           _..X_SRAM_TBASE         00000000 
           _..X_SRAM_BASE          00000100 
           _..X_FLASH_END          00000FFF 
           _..X_INTVEC_SIZE        00000034 
    *************************************************************************

  FILE NAME : D:\Projects\CautoProjects\Mvsn21\Mvsn21\Debug\Obj\Crc.r90
  PROGRAM MODULE, NAME : Crc

  SEGMENTS IN THE MODULE
  ======================
CODE
  Relative segment, address: CODE 00000054 - 0000007B (0x28 bytes), align: 1
  Segment part 9.
           ENTRY                   ADDRESS         REF BY
           =====                   =======         ======
           usCrcSummOneByteCalculation(uint8_t *, uint16_t)
                                   00000054        CMvsn21::ChannelsToDiscreteInput() (Mvsn21)
    -------------------------------------------------------------------------
ABSOLUTE
  Relative segment, address: DATA 0000001F, align: 0
  Segment part 1. ROOT 
           ENTRY                   ADDRESS         REF BY
           =====                   =======         ======
           __?EECR                 0000001F 
    -------------------------------------------------------------------------
ABSOLUTE
  Relative segment, address: DATA 00000020, align: 0
  Segment part 2. ROOT 
           ENTRY                   ADDRESS         REF BY
           =====                   =======         ======
           __?EEDR                 00000020 
    -------------------------------------------------------------------------
ABSOLUTE
  Relative segment, address: DATA 00000021, align: 0
  Segment part 3. ROOT 
           ENTRY                   ADDRESS         REF BY
           =====                   =======         ======
           __?EEARL                00000021 

    *************************************************************************

  FILE NAME : D:\Projects\CautoProjects\Mvsn21\Mvsn21\Debug\Obj\DataBase.r90
  PROGRAM MODULE, NAME : DataBase

  SEGMENTS IN THE MODULE
  ======================
CODE
  Relative segment, address: CODE 0000007C - 00000091 (0x16 bytes), align: 1
  Segment part 9.             Intra module refs:   CDataBase::__vtbl
           ENTRY                   ADDRESS         REF BY
           =====                   =======         ======
           CDataBase::~CDataBase()
                                   0000007C 
               calls direct
    -------------------------------------------------------------------------
NEAR_F
  Relative segment, address: CODE 00000034 - 00000035 (0x2 bytes), align: 0
  Segment part 6. ROOT 
           ENTRY                   ADDRESS         REF BY
           =====                   =======         ======
           CDataBase::__vtbl       00000034 

    *************************************************************************

  FILE NAME : D:\Projects\CautoProjects\Mvsn21\Mvsn21\Debug\Obj\Device.r90
    *************************************************************************

  FILE NAME : D:\Projects\CautoProjects\Mvsn21\Mvsn21\Debug\Obj\Driver.r90
    *************************************************************************

  FILE NAME : D:\Projects\CautoProjects\Mvsn21\Mvsn21\Debug\Obj\main.r90
  PROGRAM MODULE, NAME : main

  SEGMENTS IN THE MODULE
  ======================
ABSOLUTE
  Relative segment, address: DATA 000000C6 - 000000C6 (0x1 bytes), align: 0
  Segment part 1. ROOT 
           ENTRY                   ADDRESS         REF BY
           =====                   =======         ======
           _A_UDR0                 000000C6 
           LOCAL                   ADDRESS         
           =====                   =======         
           UDR0                    000000C6 
    -------------------------------------------------------------------------
ABSOLUTE
  Relative segment, address: DATA 000000C4 - 000000C5 (0x2 bytes), align: 0
  Segment part 2. ROOT 
           ENTRY                   ADDRESS         REF BY
           =====                   =======         ======
           _A_UBRR0                000000C4 
           LOCAL                   ADDRESS         
           =====                   =======         
           UBRR0                   000000C4 
           UBRR0H                  000000C5 
           UBRR0L                  000000C4 
    -------------------------------------------------------------------------
ABSOLUTE
  Relative segment, address: DATA 000000C2 - 000000C2 (0x1 bytes), align: 0
  Segment part 3. ROOT 
           ENTRY                   ADDRESS         REF BY
           =====                   =======         ======
           _A_UCSR0C               000000C2 
           LOCAL                   ADDRESS         
           =====                   =======         
           UCSR0C                  000000C2 
    -------------------------------------------------------------------------
ABSOLUTE
  Relative segment, address: DATA 000000C1 - 000000C1 (0x1 bytes), align: 0
  Segment part 4. ROOT 
           ENTRY                   ADDRESS         REF BY
           =====                   =======         ======
           _A_UCSR0B               000000C1 
           LOCAL                   ADDRESS         
           =====                   =======         
           UCSR0B                  000000C1 
    -------------------------------------------------------------------------
ABSOLUTE
  Relative segment, address: DATA 000000C0 - 000000C0 (0x1 bytes), align: 0
  Segment part 5. ROOT 
           ENTRY                   ADDRESS         REF BY
           =====                   =======         ======
           _A_UCSR0A               000000C0 
           LOCAL                   ADDRESS         
           =====                   =======         
           UCSR0A                  000000C0 
    -------------------------------------------------------------------------
ABSOLUTE
  Relative segment, address: DATA 000000BD - 000000BD (0x1 bytes), align: 0
  Segment part 6. ROOT 
           ENTRY                   ADDRESS         REF BY
           =====                   =======         ======
           _A_TWAMR                000000BD 
           LOCAL                   ADDRESS         
           =====                   =======         
           TWAMR                   000000BD 
    -------------------------------------------------------------------------
ABSOLUTE
  Relative segment, address: DATA 000000BC - 000000BC (0x1 bytes), align: 0
  Segment part 7. ROOT 
           ENTRY                   ADDRESS         REF BY
           =====                   =======         ======
           _A_TWCR                 000000BC 
           LOCAL                   ADDRESS         
           =====                   =======         
           TWCR                    000000BC 
    -------------------------------------------------------------------------
ABSOLUTE
  Relative segment, address: DATA 000000BB - 000000BB (0x1 bytes), align: 0
  Segment part 8. ROOT 
           ENTRY                   ADDRESS         REF BY
           =====                   =======         ======
           _A_TWDR                 000000BB 
           LOCAL                   ADDRESS         
           =====                   =======         
           TWDR                    000000BB 
    -------------------------------------------------------------------------
ABSOLUTE
  Relative segment, address: DATA 000000BA - 000000BA (0x1 bytes), align: 0
  Segment part 9. ROOT 
           ENTRY                   ADDRESS         REF BY
           =====                   =======         ======
           _A_TWAR                 000000BA 
           LOCAL                   ADDRESS         
           =====                   =======         
           TWAR                    000000BA 
    -------------------------------------------------------------------------
ABSOLUTE
  Relative segment, address: DATA 000000B9 - 000000B9 (0x1 bytes), align: 0
  Segment part 10. ROOT 
           ENTRY                   ADDRESS         REF BY
           =====                   =======         ======
           _A_TWSR                 000000B9 
           LOCAL                   ADDRESS         
           =====                   =======         
           TWSR                    000000B9 
    -------------------------------------------------------------------------
ABSOLUTE
  Relative segment, address: DATA 000000B8 - 000000B8 (0x1 bytes), align: 0
  Segment part 11. ROOT 
           ENTRY                   ADDRESS         REF BY
           =====                   =======         ======
           _A_TWBR                 000000B8 
           LOCAL                   ADDRESS         
           =====                   =======         
           TWBR                    000000B8 
    -------------------------------------------------------------------------
ABSOLUTE
  Relative segment, address: DATA 000000B6 - 000000B6 (0x1 bytes), align: 0
  Segment part 12. ROOT 
           ENTRY                   ADDRESS         REF BY
           =====                   =======         ======
           _A_ASSR                 000000B6 
           LOCAL                   ADDRESS         
           =====                   =======         
           ASSR                    000000B6 
    -------------------------------------------------------------------------
ABSOLUTE
  Relative segment, address: DATA 000000B4 - 000000B4 (0x1 bytes), align: 0
  Segment part 13. ROOT 
           ENTRY                   ADDRESS         REF BY
           =====                   =======         ======
           _A_OCR2B                000000B4 
           LOCAL                   ADDRESS         
           =====                   =======         
           OCR2B                   000000B4 
    -------------------------------------------------------------------------
ABSOLUTE
  Relative segment, address: DATA 000000B3 - 000000B3 (0x1 bytes), align: 0
  Segment part 14. ROOT       Intra module refs:   SystemTickInit() (Platform)
           ENTRY                   ADDRESS         REF BY
           =====                   =======         ======
           _A_OCR2A                000000B3 
           LOCAL                   ADDRESS         
           =====                   =======         
           OCR2A                   000000B3 
    -------------------------------------------------------------------------
ABSOLUTE
  Relative segment, address: DATA 000000B2 - 000000B2 (0x1 bytes), align: 0
  Segment part 15. ROOT 
           ENTRY                   ADDRESS         REF BY
           =====                   =======         ======
           _A_TCNT2                000000B2 
           LOCAL                   ADDRESS         
           =====                   =======         
           TCNT2                   000000B2 
    -------------------------------------------------------------------------
ABSOLUTE
  Relative segment, address: DATA 000000B1 - 000000B1 (0x1 bytes), align: 0
  Segment part 16. ROOT       Intra module refs:   SystemTickInit() (Platform)
           ENTRY                   ADDRESS         REF BY
           =====                   =======         ======
           _A_TCCR2B               000000B1 
           LOCAL                   ADDRESS         
           =====                   =======         
           TCCR2B                  000000B1 
    -------------------------------------------------------------------------
ABSOLUTE
  Relative segment, address: DATA 000000B0 - 000000B0 (0x1 bytes), align: 0
  Segment part 17. ROOT       Intra module refs:   SystemTickInit() (Platform)
           ENTRY                   ADDRESS         REF BY
           =====                   =======         ======
           _A_TCCR2A               000000B0 
           LOCAL                   ADDRESS         
           =====                   =======         
           TCCR2A                  000000B0 
    -------------------------------------------------------------------------
ABSOLUTE
  Relative segment, address: DATA 0000008A - 0000008B (0x2 bytes), align: 0
  Segment part 18. ROOT 
           ENTRY                   ADDRESS         REF BY
           =====                   =======         ======
           _A_OCR1B                0000008A 
           LOCAL                   ADDRESS         
           =====                   =======         
           OCR1B                   0000008A 
           OCR1BH                  0000008B 
           OCR1BL                  0000008A 
    -------------------------------------------------------------------------
ABSOLUTE
  Relative segment, address: DATA 00000088 - 00000089 (0x2 bytes), align: 0
  Segment part 19. ROOT 
           ENTRY                   ADDRESS         REF BY
           =====                   =======         ======
           _A_OCR1A                00000088 
           LOCAL                   ADDRESS         
           =====                   =======         
           OCR1A                   00000088 
           OCR1AH                  00000089 
           OCR1AL                  00000088 
    -------------------------------------------------------------------------
ABSOLUTE
  Relative segment, address: DATA 00000086 - 00000087 (0x2 bytes), align: 0
  Segment part 20. ROOT 
           ENTRY                   ADDRESS         REF BY
           =====                   =======         ======
           _A_ICR1                 00000086 
           LOCAL                   ADDRESS         
           =====                   =======         
           ICR1                    00000086 
           ICR1H                   00000087 
           ICR1L                   00000086 
    -------------------------------------------------------------------------
ABSOLUTE
  Relative segment, address: DATA 00000084 - 00000085 (0x2 bytes), align: 0
  Segment part 21. ROOT 
           ENTRY                   ADDRESS         REF BY
           =====                   =======         ======
           _A_TCNT1                00000084 
           LOCAL                   ADDRESS         
           =====                   =======         
           TCNT1                   00000084 
           TCNT1H                  00000085 
           TCNT1L                  00000084 
    -------------------------------------------------------------------------
ABSOLUTE
  Relative segment, address: DATA 00000082 - 00000082 (0x1 bytes), align: 0
  Segment part 22. ROOT 
           ENTRY                   ADDRESS         REF BY
           =====                   =======         ======
           _A_TCCR1C               00000082 
           LOCAL                   ADDRESS         
           =====                   =======         
           TCCR1C                  00000082 
    -------------------------------------------------------------------------
ABSOLUTE
  Relative segment, address: DATA 00000081 - 00000081 (0x1 bytes), align: 0
  Segment part 23. ROOT 
           ENTRY                   ADDRESS         REF BY
           =====                   =======         ======
           _A_TCCR1B               00000081 
           LOCAL                   ADDRESS         
           =====                   =======         
           TCCR1B                  00000081 
    -------------------------------------------------------------------------
ABSOLUTE
  Relative segment, address: DATA 00000080 - 00000080 (0x1 bytes), align: 0
  Segment part 24. ROOT 
           ENTRY                   ADDRESS         REF BY
           =====                   =======         ======
           _A_TCCR1A               00000080 
           LOCAL                   ADDRESS         
           =====                   =======         
           TCCR1A                  00000080 
    -------------------------------------------------------------------------
ABSOLUTE
  Relative segment, address: DATA 0000007F - 0000007F (0x1 bytes), align: 0
  Segment part 25. ROOT 
           ENTRY                   ADDRESS         REF BY
           =====                   =======         ======
           _A_DIDR1                0000007F 
           LOCAL                   ADDRESS         
           =====                   =======         
           DIDR1                   0000007F 
    -------------------------------------------------------------------------
ABSOLUTE
  Relative segment, address: DATA 0000007E - 0000007E (0x1 bytes), align: 0
  Segment part 26. ROOT       Intra module refs:   CAdc::Init() (Platform)
           ENTRY                   ADDRESS         REF BY
           =====                   =======         ======
           _A_DIDR0                0000007E 
           LOCAL                   ADDRESS         
           =====                   =======         
           DIDR0                   0000007E 
    -------------------------------------------------------------------------
ABSOLUTE
  Relative segment, address: DATA 0000007C - 0000007C (0x1 bytes), align: 0
  Segment part 27. ROOT       Intra module refs:   CAdc::ChannelSelect(uint8_t) (Platform)
                                                   CAdc::Init() (Platform)
           ENTRY                   ADDRESS         REF BY
           =====                   =======         ======
           _A_ADMUX                0000007C 
           LOCAL                   ADDRESS         
           =====                   =======         
           ADMUX                   0000007C 
    -------------------------------------------------------------------------
ABSOLUTE
  Relative segment, address: DATA 0000007B - 0000007B (0x1 bytes), align: 0
  Segment part 28. ROOT       Intra module refs:   CAdc::Init() (Platform)
           ENTRY                   ADDRESS         REF BY
           =====                   =======         ======
           _A_ADCSRB               0000007B 
           LOCAL                   ADDRESS         
           =====                   =======         
           ADCSRB                  0000007B 
    -------------------------------------------------------------------------
ABSOLUTE
  Relative segment, address: DATA 0000007A - 0000007A (0x1 bytes), align: 0
  Segment part 29. ROOT       Intra module refs:   CAdc::Disable() (Platform)
                                                   CAdc::Enable() (Platform)
                                                   CAdc::Init() (Platform)
                                                   CAdc::MeasureIsComlete() (Mvsn21)
                                                   CAdc::Start() (Platform)
           ENTRY                   ADDRESS         REF BY
           =====                   =======         ======
           _A_ADCSRA               0000007A 
           LOCAL                   ADDRESS         
           =====                   =======         
           ADCSRA                  0000007A 
    -------------------------------------------------------------------------
ABSOLUTE
  Relative segment, address: DATA 00000078 - 00000079 (0x2 bytes), align: 0
  Segment part 30. ROOT       Intra module refs:   CAdc::GetMeasureValue() (Mvsn21)
           ENTRY                   ADDRESS         REF BY
           =====                   =======         ======
           _A_ADC                  00000078 
           LOCAL                   ADDRESS         
           =====                   =======         
           ADC                     00000078 
           ADCH                    00000079 
           ADCL                    00000078 
    -------------------------------------------------------------------------
ABSOLUTE
  Relative segment, address: DATA 00000070 - 00000070 (0x1 bytes), align: 0
  Segment part 31. ROOT       Intra module refs:   SystemTickInit() (Platform)
           ENTRY                   ADDRESS         REF BY
           =====                   =======         ======
           _A_TIMSK2               00000070 
           LOCAL                   ADDRESS         
           =====                   =======         
           TIMSK2                  00000070 
    -------------------------------------------------------------------------
ABSOLUTE
  Relative segment, address: DATA 0000006F - 0000006F (0x1 bytes), align: 0
  Segment part 32. ROOT 
           ENTRY                   ADDRESS         REF BY
           =====                   =======         ======
           _A_TIMSK1               0000006F 
           LOCAL                   ADDRESS         
           =====                   =======         
           TIMSK1                  0000006F 
    -------------------------------------------------------------------------
ABSOLUTE
  Relative segment, address: DATA 0000006E - 0000006E (0x1 bytes), align: 0
  Segment part 33. ROOT 
           ENTRY                   ADDRESS         REF BY
           =====                   =======         ======
           _A_TIMSK0               0000006E 
           LOCAL                   ADDRESS         
           =====                   =======         
           TIMSK0                  0000006E 
    -------------------------------------------------------------------------
ABSOLUTE
  Relative segment, address: DATA 0000006D - 0000006D (0x1 bytes), align: 0
  Segment part 34. ROOT 
           ENTRY                   ADDRESS         REF BY
           =====                   =======         ======
           _A_PCMSK2               0000006D 
           LOCAL                   ADDRESS         
           =====                   =======         
           PCMSK2                  0000006D 
    -------------------------------------------------------------------------
ABSOLUTE
  Relative segment, address: DATA 0000006C - 0000006C (0x1 bytes), align: 0
  Segment part 35. ROOT 
           ENTRY                   ADDRESS         REF BY
           =====                   =======         ======
           _A_PCMSK1               0000006C 
           LOCAL                   ADDRESS         
           =====                   =======         
           PCMSK1                  0000006C 
    -------------------------------------------------------------------------
ABSOLUTE
  Relative segment, address: DATA 0000006B - 0000006B (0x1 bytes), align: 0
  Segment part 36. ROOT 
           ENTRY                   ADDRESS         REF BY
           =====                   =======         ======
           _A_PCMSK0               0000006B 
           LOCAL                   ADDRESS         
           =====                   =======         
           PCMSK0                  0000006B 
    -------------------------------------------------------------------------
ABSOLUTE
  Relative segment, address: DATA 00000069 - 00000069 (0x1 bytes), align: 0
  Segment part 37. ROOT       Intra module refs:   CPlatform::Int0InterruptEnable() (Platform)
                                                   SIG_INT0() (Platform)
           ENTRY                   ADDRESS         REF BY
           =====                   =======         ======
           _A_EICRA                00000069 
           LOCAL                   ADDRESS         
           =====                   =======         
           EICRA                   00000069 
    -------------------------------------------------------------------------
ABSOLUTE
  Relative segment, address: DATA 00000068 - 00000068 (0x1 bytes), align: 0
  Segment part 38. ROOT 
           ENTRY                   ADDRESS         REF BY
           =====                   =======         ======
           _A_PCICR                00000068 
           LOCAL                   ADDRESS         
           =====                   =======         
           PCICR                   00000068 
    -------------------------------------------------------------------------
ABSOLUTE
  Relative segment, address: DATA 00000066 - 00000066 (0x1 bytes), align: 0
  Segment part 39. ROOT 
           ENTRY                   ADDRESS         REF BY
           =====                   =======         ======
           _A_OSCCAL               00000066 
           LOCAL                   ADDRESS         
           =====                   =======         
           OSCCAL                  00000066 
    -------------------------------------------------------------------------
ABSOLUTE
  Relative segment, address: DATA 00000064 - 00000064 (0x1 bytes), align: 0
  Segment part 40. ROOT       Intra module refs:   CAdc::Disable() (Platform)
                                                   CAdc::Enable() (Platform)
           ENTRY                   ADDRESS         REF BY
           =====                   =======         ======
           _A_PRR                  00000064 
           LOCAL                   ADDRESS         
           =====                   =======         
           PRR                     00000064 
    -------------------------------------------------------------------------
ABSOLUTE
  Relative segment, address: DATA 00000061 - 00000061 (0x1 bytes), align: 0
  Segment part 41. ROOT 
           ENTRY                   ADDRESS         REF BY
           =====                   =======         ======
           _A_CLKPR                00000061 
           LOCAL                   ADDRESS         
           =====                   =======         
           CLKPR                   00000061 
    -------------------------------------------------------------------------
ABSOLUTE
  Relative segment, address: DATA 00000060 - 00000060 (0x1 bytes), align: 0
  Segment part 42. ROOT 
           ENTRY                   ADDRESS         REF BY
           =====                   =======         ======
           _A_WDTCSR               00000060 
           LOCAL                   ADDRESS         
           =====                   =======         
           WDTCSR                  00000060 
    -------------------------------------------------------------------------
ABSOLUTE
  Relative segment, address: DATA 0000005F - 0000005F (0x1 bytes), align: 0
  Segment part 43. ROOT 
           ENTRY                   ADDRESS         REF BY
           =====                   =======         ======
           _A_SREG                 0000005F 
           LOCAL                   ADDRESS         
           =====                   =======         
           SREG                    0000005F 
    -------------------------------------------------------------------------
ABSOLUTE
  Relative segment, address: DATA 0000005D - 0000005E (0x2 bytes), align: 0
  Segment part 44. ROOT 
           ENTRY                   ADDRESS         REF BY
           =====                   =======         ======
           _A_SP                   0000005D 
           LOCAL                   ADDRESS         
           =====                   =======         
           SP                      0000005D 
           SPH                     0000005E 
           SPL                     0000005D 
    -------------------------------------------------------------------------
ABSOLUTE
  Relative segment, address: DATA 00000057 - 00000057 (0x1 bytes), align: 0
  Segment part 45. ROOT 
           ENTRY                   ADDRESS         REF BY
           =====                   =======         ======
           _A_SPMCSR               00000057 
           LOCAL                   ADDRESS         
           =====                   =======         
           SPMCSR                  00000057 
    -------------------------------------------------------------------------
ABSOLUTE
  Relative segment, address: DATA 00000055 - 00000055 (0x1 bytes), align: 0
  Segment part 46. ROOT 
           ENTRY                   ADDRESS         REF BY
           =====                   =======         ======
           _A_MCUCR                00000055 
           LOCAL                   ADDRESS         
           =====                   =======         
           MCUCR                   00000055 
    -------------------------------------------------------------------------
ABSOLUTE
  Relative segment, address: DATA 00000054 - 00000054 (0x1 bytes), align: 0
  Segment part 47. ROOT 
           ENTRY                   ADDRESS         REF BY
           =====                   =======         ======
           _A_MCUSR                00000054 
           LOCAL                   ADDRESS         
           =====                   =======         
           MCUSR                   00000054 
    -------------------------------------------------------------------------
ABSOLUTE
  Relative segment, address: DATA 00000053 - 00000053 (0x1 bytes), align: 0
  Segment part 48. ROOT 
           ENTRY                   ADDRESS         REF BY
           =====                   =======         ======
           _A_SMCR                 00000053 
           LOCAL                   ADDRESS         
           =====                   =======         
           SMCR                    00000053 
    -------------------------------------------------------------------------
ABSOLUTE
  Relative segment, address: DATA 00000050 - 00000050 (0x1 bytes), align: 0
  Segment part 49. ROOT 
           ENTRY                   ADDRESS         REF BY
           =====                   =======         ======
           _A_ACSR                 00000050 
           LOCAL                   ADDRESS         
           =====                   =======         
           ACSR                    00000050 
    -------------------------------------------------------------------------
ABSOLUTE
  Relative segment, address: DATA 0000004E - 0000004E (0x1 bytes), align: 0
  Segment part 50. ROOT       Intra module refs:   CSpi::Enable() (Platform)
           ENTRY                   ADDRESS         REF BY
           =====                   =======         ======
           _A_SPDR                 0000004E 
           LOCAL                   ADDRESS         
           =====                   =======         
           SPDR                    0000004E 
    -------------------------------------------------------------------------
ABSOLUTE
  Relative segment, address: DATA 0000004D - 0000004D (0x1 bytes), align: 0
  Segment part 51. ROOT 
           ENTRY                   ADDRESS         REF BY
           =====                   =======         ======
           _A_SPSR                 0000004D 
           LOCAL                   ADDRESS         
           =====                   =======         
           SPSR                    0000004D 
    -------------------------------------------------------------------------
ABSOLUTE
  Relative segment, address: DATA 0000004C - 0000004C (0x1 bytes), align: 0
  Segment part 52. ROOT       Intra module refs:   CSpi::Disable() (Platform)
                                                   CSpi::Enable() (Platform)
                                                   CSpi::Init(uint8_t *, uint8_t *) (Platform)
           ENTRY                   ADDRESS         REF BY
           =====                   =======         ======
           _A_SPCR                 0000004C 
           LOCAL                   ADDRESS         
           =====                   =======         
           SPCR                    0000004C 
    -------------------------------------------------------------------------
ABSOLUTE
  Relative segment, address: DATA 0000004B - 0000004B (0x1 bytes), align: 0
  Segment part 53. ROOT 
           ENTRY                   ADDRESS         REF BY
           =====                   =======         ======
           _A_GPIOR2               0000004B 
           LOCAL                   ADDRESS         
           =====                   =======         
           GPIOR2                  0000004B 
    -------------------------------------------------------------------------
ABSOLUTE
  Relative segment, address: DATA 0000004A - 0000004A (0x1 bytes), align: 0
  Segment part 54. ROOT 
           ENTRY                   ADDRESS         REF BY
           =====                   =======         ======
           _A_GPIOR1               0000004A 
           LOCAL                   ADDRESS         
           =====                   =======         
           GPIOR1                  0000004A 
    -------------------------------------------------------------------------
ABSOLUTE
  Relative segment, address: DATA 00000048 - 00000048 (0x1 bytes), align: 0
  Segment part 55. ROOT 
           ENTRY                   ADDRESS         REF BY
           =====                   =======         ======
           _A_OCR0B                00000048 
           LOCAL                   ADDRESS         
           =====                   =======         
           OCR0B                   00000048 
    -------------------------------------------------------------------------
ABSOLUTE
  Relative segment, address: DATA 00000047 - 00000047 (0x1 bytes), align: 0
  Segment part 56. ROOT 
           ENTRY                   ADDRESS         REF BY
           =====                   =======         ======
           _A_OCR0A                00000047 
           LOCAL                   ADDRESS         
           =====                   =======         
           OCR0A                   00000047 
    -------------------------------------------------------------------------
ABSOLUTE
  Relative segment, address: DATA 00000046 - 00000046 (0x1 bytes), align: 0
  Segment part 57. ROOT 
           ENTRY                   ADDRESS         REF BY
           =====                   =======         ======
           _A_TCNT0                00000046 
           LOCAL                   ADDRESS         
           =====                   =======         
           TCNT0                   00000046 
    -------------------------------------------------------------------------
ABSOLUTE
  Relative segment, address: DATA 00000045 - 00000045 (0x1 bytes), align: 0
  Segment part 58. ROOT 
           ENTRY                   ADDRESS         REF BY
           =====                   =======         ======
           _A_TCCR0B               00000045 
           LOCAL                   ADDRESS         
           =====                   =======         
           TCCR0B                  00000045 
    -------------------------------------------------------------------------
ABSOLUTE
  Relative segment, address: DATA 00000044 - 00000044 (0x1 bytes), align: 0
  Segment part 59. ROOT 
           ENTRY                   ADDRESS         REF BY
           =====                   =======         ======
           _A_TCCR0A               00000044 
           LOCAL                   ADDRESS         
           =====                   =======         
           TCCR0A                  00000044 
    -------------------------------------------------------------------------
ABSOLUTE
  Relative segment, address: DATA 00000043 - 00000043 (0x1 bytes), align: 0
  Segment part 60. ROOT 
           ENTRY                   ADDRESS         REF BY
           =====                   =======         ======
           _A_GTCCR                00000043 
           LOCAL                   ADDRESS         
           =====                   =======         
           GTCCR                   00000043 
    -------------------------------------------------------------------------
ABSOLUTE
  Relative segment, address: DATA 00000041 - 00000042 (0x2 bytes), align: 0
  Segment part 61. ROOT 
           ENTRY                   ADDRESS         REF BY
           =====                   =======         ======
           _A_EEAR                 00000041 
           LOCAL                   ADDRESS         
           =====                   =======         
           EEAR                    00000041 
           EEARH                   00000042 
           EEARL                   00000041 
    -------------------------------------------------------------------------
ABSOLUTE
  Relative segment, address: DATA 00000040 - 00000040 (0x1 bytes), align: 0
  Segment part 62. ROOT 
           ENTRY                   ADDRESS         REF BY
           =====                   =======         ======
           _A_EEDR                 00000040 
           LOCAL                   ADDRESS         
           =====                   =======         
           EEDR                    00000040 
    -------------------------------------------------------------------------
ABSOLUTE
  Relative segment, address: DATA 0000003F - 0000003F (0x1 bytes), align: 0
  Segment part 63. ROOT 
           ENTRY                   ADDRESS         REF BY
           =====                   =======         ======
           _A_EECR                 0000003F 
           LOCAL                   ADDRESS         
           =====                   =======         
           EECR                    0000003F 
    -------------------------------------------------------------------------
ABSOLUTE
  Relative segment, address: DATA 0000003E - 0000003E (0x1 bytes), align: 0
  Segment part 64. ROOT 
           ENTRY                   ADDRESS         REF BY
           =====                   =======         ======
           _A_GPIOR0               0000003E 
           LOCAL                   ADDRESS         
           =====                   =======         
           GPIOR0                  0000003E 
    -------------------------------------------------------------------------
ABSOLUTE
  Relative segment, address: DATA 0000003D - 0000003D (0x1 bytes), align: 0
  Segment part 65. ROOT       Intra module refs:   CPlatform::Int0InterruptEnable() (Platform)
           ENTRY                   ADDRESS         REF BY
           =====                   =======         ======
           _A_EIMSK                0000003D 
           LOCAL                   ADDRESS         
           =====                   =======         
           EIMSK                   0000003D 
    -------------------------------------------------------------------------
ABSOLUTE
  Relative segment, address: DATA 0000003C - 0000003C (0x1 bytes), align: 0
  Segment part 66. ROOT 
           ENTRY                   ADDRESS         REF BY
           =====                   =======         ======
           _A_EIFR                 0000003C 
           LOCAL                   ADDRESS         
           =====                   =======         
           EIFR                    0000003C 
    -------------------------------------------------------------------------
ABSOLUTE
  Relative segment, address: DATA 0000003B - 0000003B (0x1 bytes), align: 0
  Segment part 67. ROOT 
           ENTRY                   ADDRESS         REF BY
           =====                   =======         ======
           _A_PCIFR                0000003B 
           LOCAL                   ADDRESS         
           =====                   =======         
           PCIFR                   0000003B 
    -------------------------------------------------------------------------
ABSOLUTE
  Relative segment, address: DATA 00000037 - 00000037 (0x1 bytes), align: 0
  Segment part 68. ROOT 
           ENTRY                   ADDRESS         REF BY
           =====                   =======         ======
           _A_TIFR2                00000037 
           LOCAL                   ADDRESS         
           =====                   =======         
           TIFR2                   00000037 
    -------------------------------------------------------------------------
ABSOLUTE
  Relative segment, address: DATA 00000036 - 00000036 (0x1 bytes), align: 0
  Segment part 69. ROOT 
           ENTRY                   ADDRESS         REF BY
           =====                   =======         ======
           _A_TIFR1                00000036 
           LOCAL                   ADDRESS         
           =====                   =======         
           TIFR1                   00000036 
    -------------------------------------------------------------------------
ABSOLUTE
  Relative segment, address: DATA 00000035 - 00000035 (0x1 bytes), align: 0
  Segment part 70. ROOT 
           ENTRY                   ADDRESS         REF BY
           =====                   =======         ======
           _A_TIFR0                00000035 
           LOCAL                   ADDRESS         
           =====                   =======         
           TIFR0                   00000035 
    -------------------------------------------------------------------------
ABSOLUTE
  Relative segment, address: DATA 0000002B - 0000002B (0x1 bytes), align: 0
  Segment part 71. ROOT       Intra module refs:   CPlatform::TxLedOff() (Platform)
                                                   CPlatform::TxLedOn() (Platform)
           ENTRY                   ADDRESS         REF BY
           =====                   =======         ======
           _A_PORTD                0000002B 
           LOCAL                   ADDRESS         
           =====                   =======         
           PORTD                   0000002B 
    -------------------------------------------------------------------------
ABSOLUTE
  Relative segment, address: DATA 0000002A - 0000002A (0x1 bytes), align: 0
  Segment part 72. ROOT       Intra module refs:   CPlatform::StatusLedSetPinOutput() (Platform)
                                                   CPlatform::TxLedSetPinOutput() (Platform)
           ENTRY                   ADDRESS         REF BY
           =====                   =======         ======
           _A_DDRD                 0000002A 
           LOCAL                   ADDRESS         
           =====                   =======         
           DDRD                    0000002A 
    -------------------------------------------------------------------------
ABSOLUTE
  Relative segment, address: DATA 00000029 - 00000029 (0x1 bytes), align: 0
  Segment part 73. ROOT       Intra module refs:   SIG_INT0() (Platform)
           ENTRY                   ADDRESS         REF BY
           =====                   =======         ======
           _A_PIND                 00000029 
           LOCAL                   ADDRESS         
           =====                   =======         
           PIND                    00000029 
    -------------------------------------------------------------------------
ABSOLUTE
  Relative segment, address: DATA 00000028 - 00000028 (0x1 bytes), align: 0
  Segment part 74. ROOT 
           ENTRY                   ADDRESS         REF BY
           =====                   =======         ======
           _A_PORTC                00000028 
           LOCAL                   ADDRESS         
           =====                   =======         
           PORTC                   00000028 
    -------------------------------------------------------------------------
ABSOLUTE
  Relative segment, address: DATA 00000027 - 00000027 (0x1 bytes), align: 0
  Segment part 75. ROOT 
           ENTRY                   ADDRESS         REF BY
           =====                   =======         ======
           _A_DDRC                 00000027 
           LOCAL                   ADDRESS         
           =====                   =======         
           DDRC                    00000027 
    -------------------------------------------------------------------------
ABSOLUTE
  Relative segment, address: DATA 00000026 - 00000026 (0x1 bytes), align: 0
  Segment part 76. ROOT 
           ENTRY                   ADDRESS         REF BY
           =====                   =======         ======
           _A_PINC                 00000026 
           LOCAL                   ADDRESS         
           =====                   =======         
           PINC                    00000026 
    -------------------------------------------------------------------------
ABSOLUTE
  Relative segment, address: DATA 00000025 - 00000025 (0x1 bytes), align: 0
  Segment part 77. ROOT       Intra module refs:   CSpi::Disable() (Platform)
                                                   CSpi::Enable() (Platform)
           ENTRY                   ADDRESS         REF BY
           =====                   =======         ======
           _A_PORTB                00000025 
           LOCAL                   ADDRESS         
           =====                   =======         
           PORTB                   00000025 
    -------------------------------------------------------------------------
ABSOLUTE
  Relative segment, address: DATA 00000024 - 00000024 (0x1 bytes), align: 0
  Segment part 78. ROOT       Intra module refs:   CSpi::Init(uint8_t *, uint8_t *) (Platform)
           ENTRY                   ADDRESS         REF BY
           =====                   =======         ======
           _A_DDRB                 00000024 
           LOCAL                   ADDRESS         
           =====                   =======         
           DDRB                    00000024 
    -------------------------------------------------------------------------
ABSOLUTE
  Relative segment, address: DATA 00000023 - 00000023 (0x1 bytes), align: 0
  Segment part 79. ROOT 
           ENTRY                   ADDRESS         REF BY
           =====                   =======         ======
           _A_PINB                 00000023 
           LOCAL                   ADDRESS         
           =====                   =======         
           PINB                    00000023 
    -------------------------------------------------------------------------
CODE
  Relative segment, address: CODE 00000092 - 00000095 (0x4 bytes), align: 1
  Segment part 85.            Intra module refs:   main
           ENTRY                   ADDRESS         REF BY
           =====                   =======         ======
           CPlatform::WatchdogReset()
                                   00000092 
    -------------------------------------------------------------------------
CODE
  Relative segment, address: CODE 00000096 - 00000099 (0x4 bytes), align: 1
  Segment part 86.            Intra module refs:   main
           ENTRY                   ADDRESS         REF BY
           =====                   =======         ======
           CPlatform::InterruptEnable()
                                   00000096 
    -------------------------------------------------------------------------
CODE
  Relative segment, address: CODE 0000009A - 0000009F (0x6 bytes), align: 1
  Segment part 87.            Intra module refs:   SIG_INT0() (Platform)
                                                   main
           ENTRY                   ADDRESS         REF BY
           =====                   =======         ======
           CMvsn21::MeasureFlowControlSet(uint8_t)
                                   0000009A 
    -------------------------------------------------------------------------
CODE
  Relative segment, address: CODE 000000A0 - 000000A1 (0x2 bytes), align: 1
  Segment part 88.            Intra module refs:   main
           ENTRY                   ADDRESS         REF BY
           =====                   =======         ======
           MainReboot()            000000A0 
    -------------------------------------------------------------------------
CODE
  Relative segment, address: CODE 000000A2 - 000000FD (0x5c bytes), align: 1
  Segment part 89.
           ENTRY                   ADDRESS         REF BY
           =====                   =======         ======
           main                    000000A2        ?cstartup_call_main (?C_STARTUP)
               calls direct

    *************************************************************************

  FILE NAME : D:\Projects\CautoProjects\Mvsn21\Mvsn21\Debug\Obj\MeasurementChannel.r90
  PROGRAM MODULE, NAME : MeasurementChannel

  SEGMENTS IN THE MODULE
  ======================
CODE
  Relative segment, address: CODE 000000FE - 00000109 (0xc bytes), align: 1
  Segment part 86.
           ENTRY                   ADDRESS         REF BY
           =====                   =======         ======
           CMeasurementChannel::CMeasurementChannel()
                                   000000FE        CMvsn21::TChipChannelData::TChipChannelData() (Mvsn21)
    -------------------------------------------------------------------------
CODE
  Relative segment, address: CODE 0000010A - 0000011F (0x16 bytes), align: 1
  Segment part 88.            Intra module refs:   CMeasurementChannel::__vtbl
           ENTRY                   ADDRESS         REF BY
           =====                   =======         ======
           CMeasurementChannel::~CMeasurementChannel()
                                   0000010A        <Unnamed 1> (Mvsn21)
               calls direct
    -------------------------------------------------------------------------
CODE
  Relative segment, address: CODE 00000120 - 0000014F (0x30 bytes), align: 1
  Segment part 89.
           ENTRY                   ADDRESS         REF BY
           =====                   =======         ======
           CMeasurementChannel::StatusCheck(uint16_t)
                                   00000120        CMvsn21::MeasureFsm() (Mvsn21)
    -------------------------------------------------------------------------
NEAR_F
  Relative segment, address: CODE 00000036 - 00000037 (0x2 bytes), align: 0
  Segment part 85. ROOT       Intra module refs:   CMeasurementChannel::CMeasurementChannel()
           ENTRY                   ADDRESS         REF BY
           =====                   =======         ======
           CMeasurementChannel::__vtbl
                                   00000036 

    *************************************************************************

  FILE NAME : D:\Projects\CautoProjects\Mvsn21\Mvsn21\Debug\Obj\Mvsn21.r90
  PROGRAM MODULE, NAME : Mvsn21

  SEGMENTS IN THE MODULE
  ======================
CODE
  Relative segment, address: CODE 00000150 - 0000015F (0x10 bytes), align: 1
  Segment part 102.           Intra module refs:   CMvsn21::TChipChannelData::~TChipChannelData()
           LOCAL                   ADDRESS         
           =====                   =======         
           <Unnamed 1>             00000150 
               calls direct
    -------------------------------------------------------------------------
NEAR_Z
  Relative segment, address: DATA 000001BA - 000001BA (0x1 bytes), align: 0
  Segment part 86. ROOT 
           ENTRY                   ADDRESS         REF BY
           =====                   =======         ======
           CMvsn21::m_uiType       000001BA 
    -------------------------------------------------------------------------
NEAR_Z
  Relative segment, address: DATA 000001BB - 000001BC (0x2 bytes), align: 0
  Segment part 88. ROOT 
           ENTRY                   ADDRESS         REF BY
           =====                   =======         ======
           CMvsn21::m_pxDriver     000001BB 
    -------------------------------------------------------------------------
NEAR_Z
  Relative segment, address: DATA 000001BD - 000001BD (0x1 bytes), align: 0
  Segment part 89. ROOT       Intra module refs:   CMvsn21::SpiBusExchangeEnable()
                                                   CMvsn21::SpiFsm()
           ENTRY                   ADDRESS         REF BY
           =====                   =======         ======
           CMvsn21::m_uiFlowControl
                                   000001BD        CMvsn21::FlowControlSet(uint8_t) (Platform)
    -------------------------------------------------------------------------
NEAR_Z
  Relative segment, address: DATA 000001BE - 000001BF (0x2 bytes), align: 0
  Segment part 90. ROOT       Intra module refs:   CMvsn21::Reset()
                                                   CMvsn21::SpiFsm()
           ENTRY                   ADDRESS         REF BY
           =====                   =======         ======
           CMvsn21::m_uiMessageLength
                                   000001BE 
    -------------------------------------------------------------------------
NEAR_Z
  Relative segment, address: DATA 000001C0 - 000001C0 (0x1 bytes), align: 0
  Segment part 91. ROOT       Intra module refs:   CMvsn21::ContinuousMeasure()
                                                   CMvsn21::MeasureFsm()
           ENTRY                   ADDRESS         REF BY
           =====                   =======         ======
           CMvsn21::m_uiChannel    000001C0 
    -------------------------------------------------------------------------
NEAR_Z
  Relative segment, address: DATA 000001C1 - 000001C1 (0x1 bytes), align: 0
  Segment part 92. ROOT       Intra module refs:   CMvsn21::MeasureFsm()
           ENTRY                   ADDRESS         REF BY
           =====                   =======         ======
           CMvsn21::m_uiMeasureFlowControl
                                   000001C1        CMvsn21::MeasureFlowControlSet(uint8_t) (main)
    -------------------------------------------------------------------------
NEAR_I
  Relative segment, address: DATA 00000184 - 00000189 (0x6 bytes), align: 0
  Segment part 94. ROOT       Intra module refs:   __sti__routine()
    -------------------------------------------------------------------------
NEAR_Z
  Relative segment, address: DATA 000001C2 - 00000209 (0x48 bytes), align: 0
  Segment part 93. ROOT       Intra module refs:   <Unnamed 0>
                                                   CMvsn21::ChannelsToDiscreteInput()
                                                   CMvsn21::MeasureFsm()
                                                   __sti__routine()
           ENTRY                   ADDRESS         REF BY
           =====                   =======         ======
           CMvsn21::axChipsChannelsData
                                   000001C2 
    -------------------------------------------------------------------------
NEAR_Z
  Relative segment, address: DATA 0000020A - 0000020B (0x2 bytes), align: 0
  Segment part 97. ROOT       Intra module refs:   Segment part 95
    -------------------------------------------------------------------------
NEAR_I
  Relative segment, address: DATA 0000018A - 000001B9 (0x30 bytes), align: 0
  Segment part 98. ROOT       Intra module refs:   CMvsn21::ChannelsToDiscreteInput()
           ENTRY                   ADDRESS         REF BY
           =====                   =======         ======
           CMvsn21::axMeasurementChannelRemap
                                   0000018A 
    -------------------------------------------------------------------------
NEAR_Z
  Relative segment, address: DATA 0000020C - 00000217 (0xc bytes), align: 0
  Segment part 100. ROOT      Intra module refs:   CMvsn21::ChannelsToDiscreteInput()
                                                   CMvsn21::ReadData(uint8_t *, uint8_t *, uint16_t)
           ENTRY                   ADDRESS         REF BY
           =====                   =======         ======
           CMvsn21::auiDiscreteInputBitData
                                   0000020C 
    -------------------------------------------------------------------------
CODE
  Relative segment, address: CODE 00000160 - 00000179 (0x1a bytes), align: 1
  Segment part 105.           Intra module refs:   Segment part 101
           LOCAL                   ADDRESS         
           =====                   =======         
           __sti__routine()        00000160 
               calls direct
    -------------------------------------------------------------------------
CODE
  Relative segment, address: CODE 0000017A - 0000018D (0x14 bytes), align: 1
  Segment part 106.           Intra module refs:   Segment part 95
           LOCAL                   ADDRESS         
           =====                   =======         
           <Unnamed 0>             0000017A 
               calls direct
    -------------------------------------------------------------------------
CODE
  Relative segment, address: CODE 0000018E - 000001A3 (0x16 bytes), align: 1
  Segment part 107.           Intra module refs:   CMvsn21::__vtbl
           ENTRY                   ADDRESS         REF BY
           =====                   =======         ======
           CMvsn21::~CMvsn21()     0000018E 
               calls direct
    -------------------------------------------------------------------------
CODE
  Relative segment, address: CODE 000001A4 - 000001AD (0xa bytes), align: 1
  Segment part 110.
           ENTRY                   ADDRESS         REF BY
           =====                   =======         ======
           CMvsn21::SpiBusExchangeEnable()
                                   000001A4        main (main)
               calls direct
    -------------------------------------------------------------------------
CODE
  Relative segment, address: CODE 000001AE - 000001BD (0x10 bytes), align: 1
  Segment part 112.           Intra module refs:   CMvsn21::SpiFsm()
           ENTRY                   ADDRESS         REF BY
           =====                   =======         ======
           CMvsn21::Reset()        000001AE 
               calls direct
    -------------------------------------------------------------------------
CODE
  Relative segment, address: CODE 000001BE - 000001C1 (0x4 bytes), align: 1
  Segment part 113.           Intra module refs:   CMvsn21::SpiFsm()
           ENTRY                   ADDRESS         REF BY
           =====                   =======         ======
           CMvsn21::Select()       000001BE 
               calls direct
    -------------------------------------------------------------------------
CODE
  Relative segment, address: CODE 000001C2 - 000001D1 (0x10 bytes), align: 1
  Segment part 115.           Intra module refs:   CMvsn21::SpiFsm()
           ENTRY                   ADDRESS         REF BY
           =====                   =======         ======
           CMvsn21::Exchange(uint8_t *, uint8_t *, uint16_t)
                                   000001C2 
               calls direct
    -------------------------------------------------------------------------
CODE
  Relative segment, address: CODE 000001D2 - 0000029D (0xcc bytes), align: 1
  Segment part 120.           Intra module refs:   CMvsn21::MeasureFsm()
           ENTRY                   ADDRESS         REF BY
           =====                   =======         ======
           CMvsn21::ChannelsToDiscreteInput()
                                   000001D2 
               calls direct
    -------------------------------------------------------------------------
CODE
  Relative segment, address: CODE 0000029E - 000002CD (0x30 bytes), align: 1
  Segment part 121.           Intra module refs:   CMvsn21::SpiReply(uint8_t *, uint8_t *, uint16_t)
           ENTRY                   ADDRESS         REF BY
           =====                   =======         ======
           CMvsn21::ReportType(uint8_t *, uint8_t *, uint16_t)
                                   0000029E 
    -------------------------------------------------------------------------
CODE
  Relative segment, address: CODE 000002CE - 000002E7 (0x1a bytes), align: 1
  Segment part 122.           Intra module refs:   CMvsn21::SpiReply(uint8_t *, uint8_t *, uint16_t)
           ENTRY                   ADDRESS         REF BY
           =====                   =======         ======
           CMvsn21::ReadData(uint8_t *, uint8_t *, uint16_t)
                                   000002CE 
               calls direct
    -------------------------------------------------------------------------
CODE
  Relative segment, address: CODE 000002E8 - 00000321 (0x3a bytes), align: 1
  Segment part 123.           Intra module refs:   CMvsn21::SpiFsm()
           ENTRY                   ADDRESS         REF BY
           =====                   =======         ======
           CMvsn21::SpiReply(uint8_t *, uint8_t *, uint16_t)
                                   000002E8 
               calls direct
    -------------------------------------------------------------------------
CODE
  Relative segment, address: CODE 00000322 - 000003E3 (0xc2 bytes), align: 1
  Segment part 124.
           ENTRY                   ADDRESS         REF BY
           =====                   =======         ======
           CMvsn21::SpiFsm()       00000322        main (main)
               calls direct
    -------------------------------------------------------------------------
CODE
  Relative segment, address: CODE 000003E4 - 00000403 (0x20 bytes), align: 1
  Segment part 125.           Intra module refs:   CMvsn21::MeasureFsm()
           ENTRY                   ADDRESS         REF BY
           =====                   =======         ======
           CMvsn21::ContinuousMeasure()
                                   000003E4 
               calls direct
    -------------------------------------------------------------------------
CODE
  Relative segment, address: CODE 00000404 - 0000045B (0x58 bytes), align: 1
  Segment part 126.
           ENTRY                   ADDRESS         REF BY
           =====                   =======         ======
           CMvsn21::MeasureFsm()   00000404        main (main)
               calls direct
    -------------------------------------------------------------------------
CODE
  Relative segment, address: CODE 0000045C - 00000475 (0x1a bytes), align: 1
  Segment part 127.           Intra module refs:   __sti__routine()
           ENTRY                   ADDRESS         REF BY
           =====                   =======         ======
           CMvsn21::TChipChannelData::TChipChannelData()
                                   0000045C 
               calls direct
    -------------------------------------------------------------------------
CODE
  Relative segment, address: CODE 00000476 - 00000485 (0x10 bytes), align: 1
  Segment part 128.           Intra module refs:   <Unnamed 0>
           ENTRY                   ADDRESS         REF BY
           =====                   =======         ======
           CMvsn21::TChipChannelData::~TChipChannelData()
                                   00000476 
               calls direct
    -------------------------------------------------------------------------
CODE
  Relative segment, address: CODE 00000486 - 00000497 (0x12 bytes), align: 1
  Segment part 129.           Intra module refs:   CMvsn21::MeasureFsm()
           ENTRY                   ADDRESS         REF BY
           =====                   =======         ======
           CAdc::MeasureIsComlete()
                                   00000486 
    -------------------------------------------------------------------------
CODE
  Relative segment, address: CODE 00000498 - 000004A1 (0xa bytes), align: 1
  Segment part 130.           Intra module refs:   CMvsn21::MeasureFsm()
           ENTRY                   ADDRESS         REF BY
           =====                   =======         ======
           CAdc::GetMeasureValue()
                                   00000498 
    -------------------------------------------------------------------------
CODE
  Relative segment, address: CODE 000004A2 - 000004A7 (0x6 bytes), align: 1
  Segment part 131.           Intra module refs:   CMvsn21::Select()
           ENTRY                   ADDRESS         REF BY
           =====                   =======         ======
           CSpi::ByteIsReceived()
                                   000004A2 
    -------------------------------------------------------------------------
INITTAB
  Relative segment, address: CODE 00000046 - 0000004B (0x6 bytes), align: 0
  Segment part 87.            Intra module refs:   CAdc::m_fbMeasureIsComlete (Platform)
                                                   CMvsn21::auiDiscreteInputBitData
                                                   CMvsn21::axChipsChannelsData
                                                   CMvsn21::m_pxDriver
                                                   CMvsn21::m_uiChannel
                                                   CMvsn21::m_uiFlowControl
                                                   CMvsn21::m_uiMeasureFlowControl
                                                   CMvsn21::m_uiMessageLength
                                                   CMvsn21::m_uiType
                                                   CPlatform::m_pxSpi (Platform)
                                                   CPlatform::m_pxUart0 (Platform)
                                                   CPlatform::m_pxUart1 (Platform)
                                                   CPlatform::m_uiSystemTick (Platform)
                                                   CPlatform::uiSlaveSelectIsHigh (Platform)
                                                   CSpi::m_auiSpiRxBuffer (Platform)
                                                   CSpi::m_auiSpiTxBuffer (Platform)
                                                   CSpi::m_bfByteIsReceived (Platform)
                                                   CSpi::m_bfByteIsTransmited (Platform)
                                                   CSpi::m_bfDataExchangeInProgress (Platform)
                                                   CSpi::m_bfDataExchangeIsOccur (Platform)
                                                   CSpi::m_bfRxBuffOverflow (Platform)
                                                   CSpi::m_nuiBuffByteCounter (Platform)
                                                   CSpi::m_puiRxBuffer (Platform)
                                                   CSpi::m_puiTxBuffer (Platform)
                                                   CSpi::m_uiExchangeByte (Platform)
                                                   CSpi::m_uiReceivedByteCounter (Platform)
                                                   Segment part 3 (?cppinit)
                                                   Segment part 97
                                                   __near_Aldata (?xxmemxmalloc)
           ENTRY                   ADDRESS         REF BY
           =====                   =======         ======
           ?<Segment init: NEAR_Z>
                                   00000046 
    -------------------------------------------------------------------------
NEAR_ID
  Relative segment, address: CODE 00000E60 - 00000E65 (0x6 bytes), align: 0
  Segment part 95. ROOT       Intra module refs:   Segment part 94
    -------------------------------------------------------------------------
INITTAB
  Relative segment, address: CODE 0000004C - 00000051 (0x6 bytes), align: 0
  Segment part 96.            Intra module refs:   CMvsn21::axMeasurementChannelRemap
                                                   Segment part 94
           ENTRY                   ADDRESS         REF BY
           =====                   =======         ======
           ?<Segment init: NEAR_I>
                                   0000004C 
    -------------------------------------------------------------------------
NEAR_ID
  Relative segment, address: CODE 00000E66 - 00000E95 (0x30 bytes), align: 0
  Segment part 99. ROOT       Intra module refs:   CMvsn21::axMeasurementChannelRemap
    -------------------------------------------------------------------------
DIFUNCT
  Relative segment, address: CODE 00000052 - 00000053 (0x2 bytes), align: 0
  Segment part 101. ROOT 
    -------------------------------------------------------------------------
NEAR_F
  Relative segment, address: CODE 00000038 - 00000039 (0x2 bytes), align: 0
  Segment part 85. ROOT 
           ENTRY                   ADDRESS         REF BY
           =====                   =======         ======
           CMvsn21::__vtbl         00000038 

    *************************************************************************

  FILE NAME : D:\Projects\CautoProjects\Mvsn21\Mvsn21\Debug\Obj\Platform.r90
  PROGRAM MODULE, NAME : Platform

  SEGMENTS IN THE MODULE
  ======================
NEAR_Z
  Relative segment, address: DATA 00000218 - 00000218 (0x1 bytes), align: 0
  Segment part 95. ROOT 
[...]
                                                   __near_array_new_general(void *, __near_size_t, __near_size_t, void *, __near_constructor_ptr, __near_destructor_ptr, __near_new_ptr, __near_delete_ptr, int, int) (?vec_newdel)

    -------------------------------------------------------------------------
  LIBRARY MODULE, NAME : ?REGISTER_CGREGR6_L10

  SEGMENTS IN THE MODULE
  ======================
CODE
  Relative segment, address: CODE 00000BB2, align: 1
  Segment part 0.
           ENTRY                   ADDRESS         REF BY
           =====                   =======         ======
           ?Register_R6_is_cg_reg
                                   00000BB2        CMvsn21::SpiReply(uint8_t *, uint8_t *, uint16_t) (Mvsn21)
                                                   __call_ctors (?cppinit)
                                                   __near_array_delete_general(void *, __near_size_t, __near_size_t, __near_destructor_ptr, __near_delete_ptr, int) (?vec_newdel)
                                                   __near_array_new_general(void *, __near_size_t, __near_size_t, void *, __near_constructor_ptr, __near_destructor_ptr, __near_new_ptr, __near_delete_ptr, int, int) (?vec_newdel)

    -------------------------------------------------------------------------
  LIBRARY MODULE, NAME : ?REGISTER_CGREGR7_L10

  SEGMENTS IN THE MODULE
  ======================
CODE
  Relative segment, address: CODE 00000BB2, align: 1
  Segment part 0.
           ENTRY                   ADDRESS         REF BY
           =====                   =======         ======
           ?Register_R7_is_cg_reg
                                   00000BB2        CMvsn21::SpiReply(uint8_t *, uint8_t *, uint16_t) (Mvsn21)
                                                   __call_ctors (?cppinit)
                                                   __near_array_delete_general(void *, __near_size_t, __near_size_t, __near_destructor_ptr, __near_delete_ptr, int) (?vec_newdel)
                                                   __near_array_new_general(void *, __near_size_t, __near_size_t, void *, __near_constructor_ptr, __near_destructor_ptr, __near_new_ptr, __near_delete_ptr, int, int) (?vec_newdel)

    -------------------------------------------------------------------------
  LIBRARY MODULE, NAME : ?REGISTER_CGREGR8_L10

  SEGMENTS IN THE MODULE
  ======================
CODE
  Relative segment, address: CODE 00000BB2, align: 1
  Segment part 0.
           ENTRY                   ADDRESS         REF BY
           =====                   =======         ======
           ?Register_R8_is_cg_reg
                                   00000BB2        __near_array_delete_general(void *, __near_size_t, __near_size_t, __near_destructor_ptr, __near_delete_ptr, int) (?vec_newdel)
                                                   __near_array_new_general(void *, __near_size_t, __near_size_t, void *, __near_constructor_ptr, __near_destructor_ptr, __near_new_ptr, __near_delete_ptr, int, int) (?vec_newdel)

    -------------------------------------------------------------------------
  LIBRARY MODULE, NAME : ?REGISTER_CGREGR9_L10

  SEGMENTS IN THE MODULE
  ======================
CODE
  Relative segment, address: CODE 00000BB2, align: 1
  Segment part 0.
           ENTRY                   ADDRESS         REF BY
           =====                   =======         ======
           ?Register_R9_is_cg_reg
                                   00000BB2        __near_array_delete_general(void *, __near_size_t, __near_size_t, __near_destructor_ptr, __near_delete_ptr, int) (?vec_newdel)
                                                   __near_array_new_general(void *, __near_size_t, __near_size_t, void *, __near_constructor_ptr, __near_destructor_ptr, __near_new_ptr, __near_delete_ptr, int, int) (?vec_newdel)

    -------------------------------------------------------------------------
  LIBRARY MODULE, NAME : ?REGISTER_CGREGR10_L10

  SEGMENTS IN THE MODULE
  ======================
CODE
  Relative segment, address: CODE 00000BB2, align: 1
  Segment part 0.
           ENTRY                   ADDRESS         REF BY
           =====                   =======         ======
           ?Register_R10_is_cg_reg
                                   00000BB2        __near_array_delete_general(void *, __near_size_t, __near_size_t, __near_destructor_ptr, __near_delete_ptr, int) (?vec_newdel)
                                                   __near_array_new_general(void *, __near_size_t, __near_size_t, void *, __near_constructor_ptr, __near_destructor_ptr, __near_new_ptr, __near_delete_ptr, int, int) (?vec_newdel)

    -------------------------------------------------------------------------
  LIBRARY MODULE, NAME : ?REGISTER_CGREGR11_L10

  SEGMENTS IN THE MODULE
  ======================
CODE
  Relative segment, address: CODE 00000BB2, align: 1
  Segment part 0.
           ENTRY                   ADDRESS         REF BY
           =====                   =======         ======
           ?Register_R11_is_cg_reg
                                   00000BB2        __near_array_delete_general(void *, __near_size_t, __near_size_t, __near_destructor_ptr, __near_delete_ptr, int) (?vec_newdel)
                                                   __near_array_new_general(void *, __near_size_t, __near_size_t, void *, __near_constructor_ptr, __near_destructor_ptr, __near_new_ptr, __near_delete_ptr, int, int) (?vec_newdel)

    -------------------------------------------------------------------------
  LIBRARY MODULE, NAME : ?REGISTER_CGREGR12_L10

  SEGMENTS IN THE MODULE
  ======================
CODE
  Relative segment, address: CODE 00000BB2, align: 1
  Segment part 0.
           ENTRY                   ADDRESS         REF BY
           =====                   =======         ======
           ?Register_R12_is_cg_reg
                                   00000BB2        __near_array_delete_general(void *, __near_size_t, __near_size_t, __near_destructor_ptr, __near_delete_ptr, int) (?vec_newdel)
                                                   __near_array_new_general(void *, __near_size_t, __near_size_t, void *, __near_constructor_ptr, __near_destructor_ptr, __near_new_ptr, __near_delete_ptr, int, int) (?vec_newdel)

    -------------------------------------------------------------------------
  LIBRARY MODULE, NAME : ?REGISTER_CGREGR13_L10

  SEGMENTS IN THE MODULE
  ======================
CODE
  Relative segment, address: CODE 00000BB2, align: 1
  Segment part 0.
           ENTRY                   ADDRESS         REF BY
           =====                   =======         ======
           ?Register_R13_is_cg_reg
                                   00000BB2        __near_array_delete_general(void *, __near_size_t, __near_size_t, __near_destructor_ptr, __near_delete_ptr, int) (?vec_newdel)
                                                   __near_array_new_general(void *, __near_size_t, __near_size_t, void *, __near_constructor_ptr, __near_destructor_ptr, __near_new_ptr, __near_delete_ptr, int, int) (?vec_newdel)

    -------------------------------------------------------------------------
  LIBRARY MODULE, NAME : ?low_level_init

  SEGMENTS IN THE MODULE
  ======================
CODE
  Relative segment, address: CODE 00000BB2 - 00000BB5 (0x4 bytes), align: 1
  Segment part 3.
           ENTRY                   ADDRESS         REF BY
           =====                   =======         ======
           __low_level_init        00000BB2        ?call_low_level_init (?C_STARTUP)

    -------------------------------------------------------------------------
  LIBRARY MODULE, NAME : ?memcpy

  SEGMENTS IN THE MODULE
  ======================
CODE
  Relative segment, address: CODE 00000BB6 - 00000BD1 (0x1c bytes), align: 1
  Segment part 3.
           ENTRY                   ADDRESS         REF BY
           =====                   =======         ======
           memcpy                  00000BB6        CMvsn21::ReadData(uint8_t *, uint8_t *, uint16_t) (Mvsn21)

    -------------------------------------------------------------------------
  LIBRARY MODULE, NAME : ?segment_init

  SEGMENTS IN THE MODULE
  ======================
CODE
  Relative segment, address: CODE 00000BD2 - 00000BDD (0xc bytes), align: 1
  Segment part 3.             Intra module refs:   __segment_init
           LOCAL                   ADDRESS         
           =====                   =======         
           __memclr                00000BD2 
    -------------------------------------------------------------------------
CODE
  Relative segment, address: CODE 00000BDE - 00000BE9 (0xc bytes), align: 1
  Segment part 4.             Intra module refs:   __segment_init
           LOCAL                   ADDRESS         
           =====                   =======         
           __flashcpy              00000BDE 
    -------------------------------------------------------------------------
CODE
  Relative segment, address: CODE 00000BEA - 00000C1D (0x34 bytes), align: 1
  Segment part 5.
           ENTRY                   ADDRESS         REF BY
           =====                   =======         ======
           __segment_init          00000BEA        ?need_segment_init (?C_STARTUP)
               calls direct

    -------------------------------------------------------------------------
  LIBRARY MODULE, NAME : ?vec_newdel

  SEGMENTS IN THE MODULE
  ======================
CODE
  Relative segment, address: CODE 00000C1E - 00000C2D (0x10 bytes), align: 1
  Segment part 9.             Intra module refs:   __near_array_delete_general(void *, __near_size_t, __near_size_t, __near_destructor_ptr, __near_delete_ptr, int)
           LOCAL                   ADDRESS         
           =====                   =======         
           __near_free_array(void *, __near_size_t, __near_delete_ptr, int)
                                   00000C1E 
               calls indirect
    -------------------------------------------------------------------------
CODE
  Relative segment, address: CODE 00000C2E - 00000C51 (0x24 bytes), align: 1
  Segment part 11.            Intra module refs:   __near_array_delete_general(void *, __near_size_t, __near_size_t, __near_destructor_ptr, __near_delete_ptr, int)
           LOCAL                   ADDRESS         
           =====                   =======         
           __near_get_array_size(void *, __near_size_t)
                                   00000C2E 
               calls direct
    -------------------------------------------------------------------------
CODE
  Relative segment, address: CODE 00000C52 - 00000CDD (0x8c bytes), align: 1
  Segment part 14.            Intra module refs:   __near_vec_construct
           LOCAL                   ADDRESS         
           =====                   =======         
           __near_array_new_general(void *, __near_size_t, __near_size_t, void *, __near_constructor_ptr, __near_destructor_ptr, __near_new_ptr, __near_delete_ptr, int, int)
                                   00000C52 
               calls direct and indirect
    -------------------------------------------------------------------------
CODE
  Relative segment, address: CODE 00000CDE - 00000CE3 (0x6 bytes), align: 1
  Segment part 15.            Intra module refs:   __near_array_new_general(void *, __near_size_t, __near_size_t, void *, __near_constructor_ptr, __near_destructor_ptr, __near_new_ptr, __near_delete_ptr, int, int)
    -------------------------------------------------------------------------
CODE
  Relative segment, address: CODE 00000CE4 - 00000CED (0xa bytes), align: 1
  Segment part 23.
           ENTRY                   ADDRESS         REF BY
           =====                   =======         ======
           __near_vec_construct    00000CE4        CMvsn21::TChipChannelData::TChipChannelData() (Mvsn21)
                                                   __sti__routine() (Mvsn21)
               calls direct
    -------------------------------------------------------------------------
CODE
  Relative segment, address: CODE 00000CEE - 00000CF7 (0xa bytes), align: 1
  Segment part 24.            Intra module refs:   __near_vec_construct
    -------------------------------------------------------------------------
CODE
  Relative segment, address: CODE 00000CF8 - 00000CF9 (0x2 bytes), align: 1
  Segment part 25.            Intra module refs:   __near_vec_construct
    -------------------------------------------------------------------------
CODE
  Relative segment, address: CODE 00000CFA - 00000CFD (0x4 bytes), align: 1
  Segment part 26.            Intra module refs:   Segment part 25
                                                   Segment part 35
    -------------------------------------------------------------------------
CODE
  Relative segment, address: CODE 00000CFE - 00000D71 (0x74 bytes), align: 1
  Segment part 28.            Intra module refs:   __near_vec_destroy
           LOCAL                   ADDRESS         
           =====                   =======         
           __near_array_delete_general(void *, __near_size_t, __near_size_t, __near_destructor_ptr, __near_delete_ptr, int)
                                   00000CFE 
               calls direct and indirect
    -------------------------------------------------------------------------
CODE
  Relative segment, address: CODE 00000D72 - 00000D75 (0x4 bytes), align: 1
  Segment part 32.
           ENTRY                   ADDRESS         REF BY
           =====                   =======         ======
           __near_vec_destroy      00000D72        <Unnamed 0> (Mvsn21)
                                                   CMvsn21::TChipChannelData::~TChipChannelData() (Mvsn21)
               calls direct
    -------------------------------------------------------------------------
CODE
  Relative segment, address: CODE 00000D76 - 00000D77 (0x2 bytes), align: 1
  Segment part 33.            Intra module refs:   __near_vec_destroy
    -------------------------------------------------------------------------
CODE
  Relative segment, address: CODE 00000D78 - 00000D79 (0x2 bytes), align: 1
  Segment part 34.            Intra module refs:   Segment part 25
                                                   Segment part 33
    -------------------------------------------------------------------------
CODE
  Relative segment, address: CODE 00000D7A - 00000D7D (0x4 bytes), align: 1
  Segment part 35.            Intra module refs:   Segment part 34

    -------------------------------------------------------------------------
  LIBRARY MODULE, NAME : ?__exit

  SEGMENTS IN THE MODULE
  ======================
CODE
  Relative segment, address: CODE 00000D7E - 00000D7F (0x2 bytes), align: 1
  Segment part 3.
           ENTRY                   ADDRESS         REF BY
           =====                   =======         ======
           __exit                  00000D7E        Segment part 5 (?_exit)
                                                   abort (?abort)

    -------------------------------------------------------------------------
  LIBRARY MODULE, NAME : ?xxmemxfree

  SEGMENTS IN THE MODULE
  ======================
CODE
  Relative segment, address: CODE 00000D80 - 00000E55 (0xd6 bytes), align: 1
  Segment part 3.
           ENTRY                   ADDRESS         REF BY
           =====                   =======         ======
           free                    00000D80        operator delete(void *) (?delop_0)
    -------------------------------------------------------------------------
CODE
  Relative segment, address: CODE 00000E56 - 00000E5F (0xa bytes), align: 1
  Segment part 4.             Intra module refs:   free

    -------------------------------------------------------------------------
  LIBRARY MODULE, NAME : ?xxmemxmalloc

  SEGMENTS IN THE MODULE
  ======================
NEAR_Z
  Relative segment, address: DATA 00000252 - 00000255 (0x4 bytes), align: 0
  Segment part 3.
           ENTRY                   ADDRESS         REF BY
           =====                   =======         ======
           __near_Aldata           00000252        free (?xxmemxfree)

    *************************************************************************

  DEFINED ABSOLUTE ENTRIES
  PROGRAM MODULE, NAME : ?FILLER_BYTES

  SEGMENTS IN THE MODULE
  ======================
INTVEC
  Common segment, address: CODE 00000000 - 00000029 (0x2a bytes), align: 0
  Segment part 1.
    -------------------------------------------------------------------------
?FILL1
  Relative segment, address: CODE 0000002A - 00000033 (0xa bytes), align: 0
  Segment part 0.




                ****************************************
                *                                      *
                *      SEGMENTS IN ADDRESS ORDER       *
                *                                      *
                ****************************************


SEGMENT              SPACE    START ADDRESS   END ADDRESS     SIZE  TYPE  ALIGN
=======              =====    =============   ===========     ====  ====  =====
INTVEC               CODE          00000000 - 00000029          2A   com    1
?FILL1               CODE          0000002A - 00000033           A   rel    0
NEAR_F               CODE          00000034 - 00000045          12   rel    0
INITTAB              CODE          00000046 - 00000051           C   rel    0
DIFUNCT              CODE          00000052 - 00000053           2   rel    0
CODE                 CODE          00000054 - 00000E5F         E0C   rel    1
NEAR_ID              CODE          00000E60 - 00000E95          36   rel    0
ABSOLUTE             DATA               0000001F                     rel    0
                     DATA               00000020                   
                     DATA               00000021                   
                     DATA          00000023 - 0000002B           9 
                     DATA          00000035 - 00000037           3 
                     DATA          0000003B - 00000048           E 
                     DATA          0000004A - 0000004E           5 
                     DATA          00000050 - 00000050           1 
                     DATA          00000053 - 00000055           3 
                     DATA          00000057 - 00000057           1 
                     DATA          0000005D - 00000061           5 
                     DATA          00000064 - 00000064           1 
                     DATA          00000066 - 00000066           1 
                     DATA          00000068 - 00000069           2 
                     DATA          0000006B - 00000070           6 
                     DATA          00000078 - 0000007C           5 
                     DATA          0000007E - 00000082           5 
                     DATA          00000084 - 0000008B           8 
                     DATA          000000B0 - 000000B4           5 
                     DATA          000000B6 - 000000B6           1 
                     DATA          000000B8 - 000000BD           6 
                     DATA          000000C0 - 000000C2           3 
                     DATA          000000C4 - 000000C6           3 
CSTACK               DATA          00000100 - 00000163          64   dse    0
RSTACK               DATA          00000164 - 00000183          20   dse    0
NEAR_I               DATA          00000184 - 000001B9          36   rel    0
NEAR_Z               DATA          000001BA - 00000255          9C   rel    0

                ****************************************
                *                                      *
                *        END OF CROSS REFERENCE        *
                *                                      *
                ****************************************

 3 724 bytes of CODE memory (+             10 range fill )
   342 bytes of DATA memory (+ 87 absolute )

Errors: none
Warnings: 1

